Component: Arm Compiler for Embedded 6.22 Tool: armlink [5ee90200]

==============================================================================

Section Cross References

    startup_stm32g431xx.o(STACK) refers (Special) to heapauxi.o(.text) for __use_two_region_memory
    startup_stm32g431xx.o(HEAP) refers (Special) to heapauxi.o(.text) for __use_two_region_memory
    startup_stm32g431xx.o(RESET) refers (Special) to heapauxi.o(.text) for __use_two_region_memory
    startup_stm32g431xx.o(RESET) refers to startup_stm32g431xx.o(STACK) for __initial_sp
    startup_stm32g431xx.o(RESET) refers to startup_stm32g431xx.o(.text) for Reset_Handler
    startup_stm32g431xx.o(RESET) refers to stm32g4xx_it.o(.text.NMI_Handler) for NMI_Handler
    startup_stm32g431xx.o(RESET) refers to stm32g4xx_it.o(.text.HardFault_Handler) for HardFault_Handler
    startup_stm32g431xx.o(RESET) refers to stm32g4xx_it.o(.text.MemManage_Handler) for MemManage_Handler
    startup_stm32g431xx.o(RESET) refers to stm32g4xx_it.o(.text.BusFault_Handler) for BusFault_Handler
    startup_stm32g431xx.o(RESET) refers to stm32g4xx_it.o(.text.UsageFault_Handler) for UsageFault_Handler
    startup_stm32g431xx.o(RESET) refers to stm32g4xx_it.o(.text.SVC_Handler) for SVC_Handler
    startup_stm32g431xx.o(RESET) refers to stm32g4xx_it.o(.text.DebugMon_Handler) for DebugMon_Handler
    startup_stm32g431xx.o(RESET) refers to stm32g4xx_it.o(.text.PendSV_Handler) for PendSV_Handler
    startup_stm32g431xx.o(RESET) refers to stm32g4xx_it.o(.text.SysTick_Handler) for SysTick_Handler
    startup_stm32g431xx.o(RESET) refers to stm32g4xx_it.o(.text.TIM1_TRG_COM_TIM17_IRQHandler) for TIM1_TRG_COM_TIM17_IRQHandler
    startup_stm32g431xx.o(RESET) refers to stm32g4xx_it.o(.text.USART1_IRQHandler) for USART1_IRQHandler
    startup_stm32g431xx.o(RESET) refers to stm32g4xx_it.o(.text.TIM6_DAC_IRQHandler) for TIM6_DAC_IRQHandler
    startup_stm32g431xx.o(.text) refers (Special) to heapauxi.o(.text) for __use_two_region_memory
    startup_stm32g431xx.o(.text) refers to system_stm32g4xx.o(.text.SystemInit) for SystemInit
    startup_stm32g431xx.o(.text) refers to __main.o(!!!main) for __main
    startup_stm32g431xx.o(.text) refers to startup_stm32g431xx.o(HEAP) for Heap_Mem
    startup_stm32g431xx.o(.text) refers to startup_stm32g431xx.o(STACK) for Stack_Mem
    lcd.o(.ARM.exidx.text.Delay_LCD) refers to lcd.o(.text.Delay_LCD) for [Anonymous Symbol]
    lcd.o(.ARM.exidx.text.REG_8230_Init) refers to lcd.o(.text.REG_8230_Init) for [Anonymous Symbol]
    lcd.o(.ARM.exidx.text.LCD_WriteReg) refers to lcd.o(.text.LCD_WriteReg) for [Anonymous Symbol]
    lcd.o(.text.REG_932X_Init) refers to stm32g4xx_hal.o(.text.HAL_Delay) for HAL_Delay
    lcd.o(.ARM.exidx.text.REG_932X_Init) refers to lcd.o(.text.REG_932X_Init) for [Anonymous Symbol]
    lcd.o(.text.LCD_Init) refers to stm32g4xx_hal_gpio.o(.text.HAL_GPIO_Init) for HAL_GPIO_Init
    lcd.o(.text.LCD_Init) refers to lcd.o(.bss.dummy) for dummy
    lcd.o(.text.LCD_Init) refers to lcd.o(.text.REG_8230_Init) for REG_8230_Init
    lcd.o(.text.LCD_Init) refers to lcd.o(.text.REG_932X_Init) for REG_932X_Init
    lcd.o(.ARM.exidx.text.LCD_Init) refers to lcd.o(.text.LCD_Init) for [Anonymous Symbol]
    lcd.o(.text.LCD_CtrlLinesConfig) refers to stm32g4xx_hal_gpio.o(.text.HAL_GPIO_Init) for HAL_GPIO_Init
    lcd.o(.ARM.exidx.text.LCD_CtrlLinesConfig) refers to lcd.o(.text.LCD_CtrlLinesConfig) for [Anonymous Symbol]
    lcd.o(.text.LCD_ReadReg) refers to stm32g4xx_hal_gpio.o(.text.HAL_GPIO_Init) for HAL_GPIO_Init
    lcd.o(.ARM.exidx.text.LCD_ReadReg) refers to lcd.o(.text.LCD_ReadReg) for [Anonymous Symbol]
    lcd.o(.text.LCD_SetTextColor) refers to lcd.o(.bss.TextColor) for TextColor
    lcd.o(.ARM.exidx.text.LCD_SetTextColor) refers to lcd.o(.text.LCD_SetTextColor) for [Anonymous Symbol]
    lcd.o(.text.LCD_SetBackColor) refers to lcd.o(.data.BackColor) for BackColor
    lcd.o(.ARM.exidx.text.LCD_SetBackColor) refers to lcd.o(.text.LCD_SetBackColor) for [Anonymous Symbol]
    lcd.o(.text.LCD_ClearLine) refers to lcd.o(.rodata.ASCII_Table) for ASCII_Table
    lcd.o(.text.LCD_ClearLine) refers to lcd.o(.text.LCD_DrawChar) for LCD_DrawChar
    lcd.o(.ARM.exidx.text.LCD_ClearLine) refers to lcd.o(.text.LCD_ClearLine) for [Anonymous Symbol]
    lcd.o(.text.LCD_DisplayStringLine) refers to lcd.o(.rodata.ASCII_Table) for ASCII_Table
    lcd.o(.text.LCD_DisplayStringLine) refers to lcd.o(.text.LCD_DrawChar) for LCD_DrawChar
    lcd.o(.ARM.exidx.text.LCD_DisplayStringLine) refers to lcd.o(.text.LCD_DisplayStringLine) for [Anonymous Symbol]
    lcd.o(.text.LCD_Clear) refers to lcd.o(.text.LCD_SetCursor) for LCD_SetCursor
    lcd.o(.ARM.exidx.text.LCD_Clear) refers to lcd.o(.text.LCD_Clear) for [Anonymous Symbol]
    lcd.o(.ARM.exidx.text.LCD_SetCursor) refers to lcd.o(.text.LCD_SetCursor) for [Anonymous Symbol]
    lcd.o(.ARM.exidx.text.LCD_WriteRAM_Prepare) refers to lcd.o(.text.LCD_WriteRAM_Prepare) for [Anonymous Symbol]
[...]
    [Anonymous Symbol]                       0x08006a58   Section        0  stm32g4xx_hal_tim.o(.text.TIM_Base_SetConfig)
    [Anonymous Symbol]                       0x08006b70   Section        0  stm32g4xx_hal_uart.o(.text.UART_AdvFeatureConfig)
    [Anonymous Symbol]                       0x08006c58   Section        0  stm32g4xx_hal_uart.o(.text.UART_CheckIdleState)
    UART_DMAAbortOnError                     0x08006d19   Thumb Code    16  stm32g4xx_hal_uart.o(.text.UART_DMAAbortOnError)
    [Anonymous Symbol]                       0x08006d18   Section        0  stm32g4xx_hal_uart.o(.text.UART_DMAAbortOnError)
    UART_RxISR_16BIT                         0x08006d29   Thumb Code   206  stm32g4xx_hal_uart.o(.text.UART_RxISR_16BIT)
    [Anonymous Symbol]                       0x08006d28   Section        0  stm32g4xx_hal_uart.o(.text.UART_RxISR_16BIT)
    UART_RxISR_16BIT_FIFOEN                  0x08006df9   Thumb Code   464  stm32g4xx_hal_uart.o(.text.UART_RxISR_16BIT_FIFOEN)
    [Anonymous Symbol]                       0x08006df8   Section        0  stm32g4xx_hal_uart.o(.text.UART_RxISR_16BIT_FIFOEN)
    UART_RxISR_8BIT                          0x08006fc9   Thumb Code   206  stm32g4xx_hal_uart.o(.text.UART_RxISR_8BIT)
    [Anonymous Symbol]                       0x08006fc8   Section        0  stm32g4xx_hal_uart.o(.text.UART_RxISR_8BIT)
    UART_RxISR_8BIT_FIFOEN                   0x08007099   Thumb Code   468  stm32g4xx_hal_uart.o(.text.UART_RxISR_8BIT_FIFOEN)
    [Anonymous Symbol]                       0x08007098   Section        0  stm32g4xx_hal_uart.o(.text.UART_RxISR_8BIT_FIFOEN)
    [Anonymous Symbol]                       0x0800726c   Section        0  stm32g4xx_hal_uart.o(.text.UART_SetConfig)
    [Anonymous Symbol]                       0x08007510   Section        0  stm32g4xx_hal_uart.o(.text.UART_Start_Receive_IT)
    [Anonymous Symbol]                       0x0800762c   Section        0  stm32g4xx_hal_uart.o(.text.UART_WaitOnFlagUntilTimeout)
    [Anonymous Symbol]                       0x0800776c   Section        0  stm32g4xx_it.o(.text.USART1_IRQHandler)
    [Anonymous Symbol]                       0x080077c4   Section        0  stm32g4xx_it.o(.text.UsageFault_Handler)
    [Anonymous Symbol]                       0x080077c8   Section        0  usart.o(.text._sys_exit)
    [Anonymous Symbol]                       0x080077cc   Section        0  main.o(.text.car_check)
    [Anonymous Symbol]                       0x08007a90   Section        0  usart.o(.text.fputc)
    [Anonymous Symbol]                       0x08007ab0   Section        0  led.o(.text.led_OFF)
    [Anonymous Symbol]                       0x08007b28   Section        0  led.o(.text.led_ON)
    [Anonymous Symbol]                       0x08007ba8   Section        0  led.o(.text.led_init)
    [Anonymous Symbol]                       0x08007c40   Section        0  main.o(.text.main)
    CL$$btod_d2e                             0x08007e96   Section       62  btod.o(CL$$btod_d2e)
    CL$$btod_d2e_denorm_low                  0x08007ed4   Section       70  btod.o(CL$$btod_d2e_denorm_low)
    CL$$btod_d2e_norm_op1                    0x08007f1a   Section       96  btod.o(CL$$btod_d2e_norm_op1)
    CL$$btod_div_common                      0x08007f7c   Section      824  btod.o(CL$$btod_div_common)
    CL$$btod_e2e                             0x080082b4   Section      220  btod.o(CL$$btod_e2e)
    CL$$btod_ediv                            0x08008390   Section       42  btod.o(CL$$btod_ediv)
    CL$$btod_emul                            0x080083ba   Section       42  btod.o(CL$$btod_emul)
    CL$$btod_mult_common                     0x080083e4   Section      580  btod.o(CL$$btod_mult_common)
    i.__ARM_fpclassify                       0x08008628   Section        0  fpclassify.o(i.__ARM_fpclassify)
    i.__hardfp_difftime                      0x08008658   Section        0  difftime.o(i.__hardfp_difftime)
    i._is_digit                              0x08008682   Section        0  __printf_wp.o(i._is_digit)
    locale$$code                             0x08008690   Section       44  lc_numeric_c.o(locale$$code)
    locale$$code                             0x080086bc   Section       44  lc_ctype_c.o(locale$$code)
    $v0                                      0x080086e8   Number         0  daddsub_clz.o(x$fpl$dadd)
    x$fpl$dadd                               0x080086e8   Section      336  daddsub_clz.o(x$fpl$dadd)
    _dadd1                                   0x080086f9   Thumb Code     0  daddsub_clz.o(x$fpl$dadd)
    $v0                                      0x08008838   Number         0  dfixu.o(x$fpl$dfixu)
    x$fpl$dfixu                              0x08008838   Section       90  dfixu.o(x$fpl$dfixu)
    $v0                                      0x08008892   Number         0  dflt_clz.o(x$fpl$dfltu)
    x$fpl$dfltu                              0x08008892   Section       38  dflt_clz.o(x$fpl$dfltu)
    $v0                                      0x080088b8   Number         0  dnaninf.o(x$fpl$dnaninf)
    x$fpl$dnaninf                            0x080088b8   Section      156  dnaninf.o(x$fpl$dnaninf)
    $v0                                      0x08008954   Number         0  dretinf.o(x$fpl$dretinf)
    x$fpl$dretinf                            0x08008954   Section       12  dretinf.o(x$fpl$dretinf)
    $v0                                      0x08008960   Number         0  daddsub_clz.o(x$fpl$dsub)
    x$fpl$dsub                               0x08008960   Section      476  daddsub_clz.o(x$fpl$dsub)
    _dsub1                                   0x08008971   Thumb Code     0  daddsub_clz.o(x$fpl$dsub)
    $v0                                      0x08008b3c   Number         0  f2d.o(x$fpl$f2d)
    x$fpl$f2d                                0x08008b3c   Section       86  f2d.o(x$fpl$f2d)
    $v0                                      0x08008b92   Number         0  fnaninf.o(x$fpl$fnaninf)
    x$fpl$fnaninf                            0x08008b92   Section      140  fnaninf.o(x$fpl$fnaninf)
    $v0                                      0x08008c1e   Number         0  fpinit.o(x$fpl$fpinit)
    x$fpl$fpinit                             0x08008c1e   Section       26  fpinit.o(x$fpl$fpinit)
    $v0                                      0x08008c38   Number         0  printf1.o(x$fpl$printf1)
    x$fpl$printf1                            0x08008c38   Section        4  printf1.o(x$fpl$printf1)
    .constdata                               0x08008c3c   Section       12  _monlen.o(.constdata)
    x$fpl$usenofp                            0x08008c3c   Section        0  usenofp.o(x$fpl$usenofp)
    tenpwrs_x                                0x08008c48   Data          60  bigflt0.o(.constdata)
    .constdata                               0x08008c48   Section      148  bigflt0.o(.constdata)
    tenpwrs_i                                0x08008c84   Data          64  bigflt0.o(.constdata)
    .Lswitch.table.HAL_TIM_IC_Start_IT       0x08009edc   Data          16  stm32g4xx_hal_tim.o(.rodata.cst16)
    .Lswitch.table.HAL_TIM_IC_Stop_IT        0x08009eec   Data          16  stm32g4xx_hal_tim.o(.rodata.cst16)
    .Lswitch.table.HAL_TIM_IC_Stop_DMA       0x08009efc   Data          16  stm32g4xx_hal_tim.o(.rodata.cst16)
    .Lswitch.table.UART_SetConfig.4          0x08009f0c   Data          16  stm32g4xx_hal_uart.o(.rodata.cst16)
    UARTEx_SetNbDataToProcess.numerator      0x08009f1c   Data           8  stm32g4xx_hal_uart_ex.o(.rodata.cst8)
    [Anonymous Symbol]                       0x08009f1c   Section        0  stm32g4xx_hal_uart_ex.o(.rodata.cst8)
    UARTEx_SetNbDataToProcess.denominator    0x08009f24   Data           8  stm32g4xx_hal_uart_ex.o(.rodata.cst8)
    .Lstr.16                                 0x08009f2c   Data           9  main.o(.rodata.str1.1)
    [Anonymous Symbol]                       0x08009f2c   Section        0  main.o(.rodata.str1.1)
    .L.str.4                                 0x08009f35   Data           5  main.o(.rodata.str1.1)
    locale$$data                             0x08009f5c   Section       28  lc_numeric_c.o(locale$$data)
    __lcnum_c_name                           0x08009f60   Data           2  lc_numeric_c.o(locale$$data)
    __lcnum_c_start                          0x08009f68   Data           0  lc_numeric_c.o(locale$$data)
    __lcnum_c_point                          0x08009f74   Data           0  lc_numeric_c.o(locale$$data)
    __lcnum_c_thousands                      0x08009f76   Data           0  lc_numeric_c.o(locale$$data)
    __lcnum_c_grouping                       0x08009f77   Data           0  lc_numeric_c.o(locale$$data)
    __lcnum_c_end                            0x08009f78   Data           0  lc_numeric_c.o(locale$$data)
    locale$$data                             0x08009f78   Section      272  lc_ctype_c.o(locale$$data)
    __lcctype_c_name                         0x08009f7c   Data           2  lc_ctype_c.o(locale$$data)
    __lcctype_c_start                        0x08009f84   Data           0  lc_ctype_c.o(locale$$data)
    __lcctype_c_end                          0x0800a088   Data           0  lc_ctype_c.o(locale$$data)
    BackColor                                0x20000002   Data           2  lcd.o(.data.BackColor)
    [Anonymous Symbol]                       0x20000002   Section        0  lcd.o(.data.BackColor)
    .bss                                     0x20000010   Section       96  libspace.o(.bss)
    TextColor                                0x20000070   Data           2  lcd.o(.bss.TextColor)
    [Anonymous Symbol]                       0x20000070   Section        0  lcd.o(.bss.TextColor)
    Heap_Mem                                 0x20000488   Data         512  startup_stm32g431xx.o(HEAP)
    HEAP                                     0x20000488   Section      512  startup_stm32g431xx.o(HEAP)
    Stack_Mem                                0x20000688   Data        1024  startup_stm32g431xx.o(STACK)
    STACK                                    0x20000688   Section     1024  startup_stm32g431xx.o(STACK)
    __initial_sp                             0x20000a88   Data           0  startup_stm32g431xx.o(STACK)

    Global Symbols

    Symbol Name                              Value     Ov Type        Size  Object(Section)

    BuildAttributes$$THM_ISAv4$E$P$D$K$B$S$7EM$VFPi3$EXTD16$VFPS$VFMA$PE$A:L22UL41UL21$X:L11$S22US41US21$IEEE1$IW$~IW$USESV6$~STKCKD$USESV7$~SHL$OTIME$ROPI$IEEEJ$EBA8$UX$STANDARDLIB$REQ8$PRES8$EABIv2 0x00000000   Number         0  anon$$obj.o ABSOLUTE
    _printf_flags                            0x00000000   Number         0  printf_stubs.o ABSOLUTE
    _printf_return_value                     0x00000000   Number         0  printf_stubs.o ABSOLUTE
    _printf_sizespec                         0x00000000   Number         0  printf_stubs.o ABSOLUTE
    _printf_widthprec                        0x00000000   Number         0  printf_stubs.o ABSOLUTE
    __ARM_exceptions_init                     - Undefined Weak Reference
    __alloca_initialize                       - Undefined Weak Reference
    __arm_preinit_                            - Undefined Weak Reference
    __arm_relocate_pie_                       - Undefined Weak Reference
    __cpp_initialize__aeabi_                  - Undefined Weak Reference
    __cxa_finalize                            - Undefined Weak Reference
    __sigvec_lookup                           - Undefined Weak Reference
    _atexit_init                              - Undefined Weak Reference
    _call_atexit_fns                          - Undefined Weak Reference
    _clock_init                               - Undefined Weak Reference
    _fp_trap_init                             - Undefined Weak Reference
    _fp_trap_shutdown                         - Undefined Weak Reference
    _get_lc_collate                           - Undefined Weak Reference
    _get_lc_monetary                          - Undefined Weak Reference
    _get_lc_time                              - Undefined Weak Reference
    _getenv_init                              - Undefined Weak Reference
    _handle_redirection                       - Undefined Weak Reference
    _init_alloc                               - Undefined Weak Reference
    _init_user_alloc                          - Undefined Weak Reference
    _initio                                   - Undefined Weak Reference
    _mutex_acquire                            - Undefined Weak Reference
    _mutex_release                            - Undefined Weak Reference
    _printf_mbtowc                            - Undefined Weak Reference
    _printf_post_padding                      - Undefined Weak Reference
    _printf_pre_padding                       - Undefined Weak Reference
    _printf_truncate_signed                   - Undefined Weak Reference
    _printf_truncate_unsigned                 - Undefined Weak Reference
    _rand_init                                - Undefined Weak Reference
    _scanf_longlong                           - Undefined Weak Reference
    _scanf_mbtowc                             - Undefined Weak Reference
    _scanf_real                               - Undefined Weak Reference
    _scanf_wctomb                             - Undefined Weak Reference
    _scanf_wstring                            - Undefined Weak Reference
    _signal_finish                            - Undefined Weak Reference
    _signal_init                              - Undefined Weak Reference
    _terminate_alloc                          - Undefined Weak Reference
    _terminate_user_alloc                     - Undefined Weak Reference
    _terminateio                              - Undefined Weak Reference
    __Vectors_Size                           0x000001d8   Number         0  startup_stm32g431xx.o ABSOLUTE
    __Vectors                                0x08000000   Data           4  startup_stm32g431xx.o(RESET)
    __Vectors_End                            0x080001d8   Data           0  startup_stm32g431xx.o(RESET)
    __main                                   0x080001d9   Thumb Code     8  __main.o(!!!main)
    __scatterload                            0x080001e1   Thumb Code     0  __scatter.o(!!!scatter)
    __scatterload_rt2                        0x080001e1   Thumb Code    84  __scatter.o(!!!scatter)
    __scatterload_rt2_thumb_only             0x080001e1   Thumb Code     0  __scatter.o(!!!scatter)
    __scatterload_loop                       0x080001eb   Thumb Code     0  __scatter.o(!!!scatter)
    __scatterload_copy                       0x0800023d   Thumb Code    26  __scatter_copy.o(!!handler_copy)
    __scatterload_null                       0x08000259   Thumb Code     2  __scatter.o(!!handler_null)
    __scatterload_zeroinit                   0x0800025d   Thumb Code    28  __scatter_zi.o(!!handler_zi)
    _printf_f                                0x08000279   Thumb Code     0  _printf_f.o(.ARM.Collect$$_printf_percent$$00000003)
    _printf_percent                          0x08000279   Thumb Code     0  _printf_percent.o(.ARM.Collect$$_printf_percent$$00000000)
    _printf_d                                0x0800027f   Thumb Code     0  _printf_d.o(.ARM.Collect$$_printf_percent$$00000009)
    _printf_s                                0x08000285   Thumb Code     0  _printf_s.o(.ARM.Collect$$_printf_percent$$00000014)
    _printf_percent_end                      0x0800028b   Thumb Code     0  _printf_percent_end.o(.ARM.Collect$$_printf_percent$$00000017)
    __rt_lib_init                            0x0800028f   Thumb Code     0  libinit.o(.ARM.Collect$$libinit$$00000000)
    __rt_lib_init_fp_1                       0x08000291   Thumb Code     0  libinit2.o(.ARM.Collect$$libinit$$00000001)
    __rt_lib_init_heap_1                     0x08000295   Thumb Code     0  libinit2.o(.ARM.Collect$$libinit$$0000000C)
    __rt_lib_init_lc_common                  0x08000295   Thumb Code     0  libinit2.o(.ARM.Collect$$libinit$$00000011)
    __rt_lib_init_preinit_1                  0x08000295   Thumb Code     0  libinit2.o(.ARM.Collect$$libinit$$00000006)
    __rt_lib_init_rand_1                     0x08000295   Thumb Code     0  libinit2.o(.ARM.Collect$$libinit$$00000010)
    __rt_lib_init_relocate_pie_1             0x08000295   Thumb Code     0  libinit2.o(.ARM.Collect$$libinit$$00000004)
    __rt_lib_init_user_alloc_1               0x08000295   Thumb Code     0  libinit2.o(.ARM.Collect$$libinit$$0000000E)
    __rt_lib_init_lc_collate_1               0x0800029b   Thumb Code     0  libinit2.o(.ARM.Collect$$libinit$$00000013)
    __rt_lib_init_lc_ctype_2                 0x0800029b   Thumb Code     0  libinit2.o(.ARM.Collect$$libinit$$00000014)
    __rt_lib_init_lc_ctype_1                 0x080002a7   Thumb Code     0  libinit2.o(.ARM.Collect$$libinit$$00000015)
    __rt_lib_init_lc_monetary_1              0x080002a7   Thumb Code     0  libinit2.o(.ARM.Collect$$libinit$$00000017)
    __rt_lib_init_lc_numeric_2               0x080002a7   Thumb Code     0  libinit2.o(.ARM.Collect$$libinit$$00000018)
    __rt_lib_init_alloca_1                   0x080002b1   Thumb Code     0  libinit2.o(.ARM.Collect$$libinit$$00000030)
    __rt_lib_init_argv_1                     0x080002b1   Thumb Code     0  libinit2.o(.ARM.Collect$$libinit$$0000002E)
    __rt_lib_init_atexit_1                   0x080002b1   Thumb Code     0  libinit2.o(.ARM.Collect$$libinit$$0000001D)
    __rt_lib_init_clock_1                    0x080002b1   Thumb Code     0  libinit2.o(.ARM.Collect$$libinit$$00000023)
    __rt_lib_init_cpp_1                      0x080002b1   Thumb Code     0  libinit2.o(.ARM.Collect$$libinit$$00000034)
    __rt_lib_init_exceptions_1               0x080002b1   Thumb Code     0  libinit2.o(.ARM.Collect$$libinit$$00000032)
    __rt_lib_init_fp_trap_1                  0x080002b1   Thumb Code     0  libinit2.o(.ARM.Collect$$libinit$$00000021)
    __rt_lib_init_getenv_1                   0x080002b1   Thumb Code     0  libinit2.o(.ARM.Collect$$libinit$$00000025)
    __rt_lib_init_lc_numeric_1               0x080002b1   Thumb Code     0  libinit2.o(.ARM.Collect$$libinit$$00000019)
    __rt_lib_init_lc_time_1                  0x080002b1   Thumb Code     0  libinit2.o(.ARM.Collect$$libinit$$0000001B)
    __rt_lib_init_return                     0x080002b1   Thumb Code     0  libinit2.o(.ARM.Collect$$libinit$$00000035)
    __rt_lib_init_signal_1                   0x080002b1   Thumb Code     0  libinit2.o(.ARM.Collect$$libinit$$0000001F)
    __rt_lib_init_stdio_1                    0x080002b1   Thumb Code     0  libinit2.o(.ARM.Collect$$libinit$$00000027)
    __rt_lib_shutdown                        0x080002b3   Thumb Code     0  libshutdown.o(.ARM.Collect$$libshutdown$$00000000)
    __rt_lib_shutdown_cpp_1                  0x080002b5   Thumb Code     0  libshutdown2.o(.ARM.Collect$$libshutdown$$00000002)
    __rt_lib_shutdown_fp_trap_1              0x080002b5   Thumb Code     0  libshutdown2.o(.ARM.Collect$$libshutdown$$00000007)
    __rt_lib_shutdown_heap_1                 0x080002b5   Thumb Code     0  libshutdown2.o(.ARM.Collect$$libshutdown$$0000000F)
    __rt_lib_shutdown_return                 0x080002b5   Thumb Code     0  libshutdown2.o(.ARM.Collect$$libshutdown$$00000010)
    __rt_lib_shutdown_signal_1               0x080002b5   Thumb Code     0  libshutdown2.o(.ARM.Collect$$libshutdown$$0000000A)
    __rt_lib_shutdown_stdio_1                0x080002b5   Thumb Code     0  libshutdown2.o(.ARM.Collect$$libshutdown$$00000004)
    __rt_lib_shutdown_user_alloc_1           0x080002b5   Thumb Code     0  libshutdown2.o(.ARM.Collect$$libshutdown$$0000000C)
    __rt_entry                               0x080002b7   Thumb Code     0  __rtentry.o(.ARM.Collect$$rtentry$$00000000)
    __rt_entry_presh_1                       0x080002b7   Thumb Code     0  __rtentry2.o(.ARM.Collect$$rtentry$$00000002)
    __rt_entry_sh                            0x080002b7   Thumb Code     0  __rtentry4.o(.ARM.Collect$$rtentry$$00000004)
    __rt_entry_li                            0x080002bd   Thumb Code     0  __rtentry2.o(.ARM.Collect$$rtentry$$0000000A)
    __rt_entry_postsh_1                      0x080002bd   Thumb Code     0  __rtentry2.o(.ARM.Collect$$rtentry$$00000009)
    __rt_entry_main                          0x080002c1   Thumb Code     0  __rtentry2.o(.ARM.Collect$$rtentry$$0000000D)
    __rt_entry_postli_1                      0x080002c1   Thumb Code     0  __rtentry2.o(.ARM.Collect$$rtentry$$0000000C)
    __rt_exit                                0x080002c9   Thumb Code     0  rtexit.o(.ARM.Collect$$rtexit$$00000000)
    __rt_exit_ls                             0x080002cb   Thumb Code     0  rtexit2.o(.ARM.Collect$$rtexit$$00000003)
    __rt_exit_prels_1                        0x080002cb   Thumb Code     0  rtexit2.o(.ARM.Collect$$rtexit$$00000002)
    __rt_exit_exit                           0x080002cf   Thumb Code     0  rtexit2.o(.ARM.Collect$$rtexit$$00000004)
    Reset_Handler                            0x080002d5   Thumb Code     8  startup_stm32g431xx.o(.text)
    ADC1_2_IRQHandler                        0x080002ef   Thumb Code     0  startup_stm32g431xx.o(.text)
    COMP1_2_3_IRQHandler                     0x080002ef   Thumb Code     0  startup_stm32g431xx.o(.text)
    COMP4_IRQHandler                         0x080002ef   Thumb Code     0  startup_stm32g431xx.o(.text)
    CORDIC_IRQHandler                        0x080002ef   Thumb Code     0  startup_stm32g431xx.o(.text)
    CRS_IRQHandler                           0x080002ef   Thumb Code     0  startup_stm32g431xx.o(.text)
    DMA1_Channel1_IRQHandler                 0x080002ef   Thumb Code     0  startup_stm32g431xx.o(.text)
    DMA1_Channel2_IRQHandler                 0x080002ef   Thumb Code     0  startup_stm32g431xx.o(.text)
    DMA1_Channel3_IRQHandler                 0x080002ef   Thumb Code     0  startup_stm32g431xx.o(.text)
    DMA1_Channel4_IRQHandler                 0x080002ef   Thumb Code     0  startup_stm32g431xx.o(.text)
    DMA1_Channel5_IRQHandler                 0x080002ef   Thumb Code     0  startup_stm32g431xx.o(.text)
    DMA1_Channel6_IRQHandler                 0x080002ef   Thumb Code     0  startup_stm32g431xx.o(.text)
    DMA2_Channel1_IRQHandler                 0x080002ef   Thumb Code     0  startup_stm32g431xx.o(.text)
    DMA2_Channel2_IRQHandler                 0x080002ef   Thumb Code     0  startup_stm32g431xx.o(.text)
    DMA2_Channel3_IRQHandler                 0x080002ef   Thumb Code     0  startup_stm32g431xx.o(.text)
    DMA2_Channel4_IRQHandler                 0x080002ef   Thumb Code     0  startup_stm32g431xx.o(.text)
    DMA2_Channel5_IRQHandler                 0x080002ef   Thumb Code     0  startup_stm32g431xx.o(.text)
    DMA2_Channel6_IRQHandler                 0x080002ef   Thumb Code     0  startup_stm32g431xx.o(.text)
    DMAMUX_OVR_IRQHandler                    0x080002ef   Thumb Code     0  startup_stm32g431xx.o(.text)
    EXTI0_IRQHandler                         0x080002ef   Thumb Code     0  startup_stm32g431xx.o(.text)
    EXTI15_10_IRQHandler                     0x080002ef   Thumb Code     0  startup_stm32g431xx.o(.text)
    EXTI1_IRQHandler                         0x080002ef   Thumb Code     0  startup_stm32g431xx.o(.text)
    EXTI2_IRQHandler                         0x080002ef   Thumb Code     0  startup_stm32g431xx.o(.text)
    EXTI3_IRQHandler                         0x080002ef   Thumb Code     0  startup_stm32g431xx.o(.text)
    EXTI4_IRQHandler                         0x080002ef   Thumb Code     0  startup_stm32g431xx.o(.text)
    EXTI9_5_IRQHandler                       0x080002ef   Thumb Code     0  startup_stm32g431xx.o(.text)
    FDCAN1_IT0_IRQHandler                    0x080002ef   Thumb Code     0  startup_stm32g431xx.o(.text)
    FDCAN1_IT1_IRQHandler                    0x080002ef   Thumb Code     0  startup_stm32g431xx.o(.text)
    FLASH_IRQHandler                         0x080002ef   Thumb Code     0  startup_stm32g431xx.o(.text)
    FMAC_IRQHandler                          0x080002ef   Thumb Code     0  startup_stm32g431xx.o(.text)
    FPU_IRQHandler                           0x080002ef   Thumb Code     0  startup_stm32g431xx.o(.text)
    I2C1_ER_IRQHandler                       0x080002ef   Thumb Code     0  startup_stm32g431xx.o(.text)
    I2C1_EV_IRQHandler                       0x080002ef   Thumb Code     0  startup_stm32g431xx.o(.text)
    I2C2_ER_IRQHandler                       0x080002ef   Thumb Code     0  startup_stm32g431xx.o(.text)
    I2C2_EV_IRQHandler                       0x080002ef   Thumb Code     0  startup_stm32g431xx.o(.text)
    I2C3_ER_IRQHandler                       0x080002ef   Thumb Code     0  startup_stm32g431xx.o(.text)
    I2C3_EV_IRQHandler                       0x080002ef   Thumb Code     0  startup_stm32g431xx.o(.text)
    LPTIM1_IRQHandler                        0x080002ef   Thumb Code     0  startup_stm32g431xx.o(.text)
    LPUART1_IRQHandler                       0x080002ef   Thumb Code     0  startup_stm32g431xx.o(.text)
    PVD_PVM_IRQHandler                       0x080002ef   Thumb Code     0  startup_stm32g431xx.o(.text)
    RCC_IRQHandler                           0x080002ef   Thumb Code     0  startup_stm32g431xx.o(.text)
    RNG_IRQHandler                           0x080002ef   Thumb Code     0  startup_stm32g431xx.o(.text)
    RTC_Alarm_IRQHandler                     0x080002ef   Thumb Code     0  startup_stm32g431xx.o(.text)
    RTC_TAMP_LSECSS_IRQHandler               0x080002ef   Thumb Code     0  startup_stm32g431xx.o(.text)
    RTC_WKUP_IRQHandler                      0x080002ef   Thumb Code     0  startup_stm32g431xx.o(.text)
    SAI1_IRQHandler                          0x080002ef   Thumb Code     0  startup_stm32g431xx.o(.text)
    SPI1_IRQHandler                          0x080002ef   Thumb Code     0  startup_stm32g431xx.o(.text)
    SPI2_IRQHandler                          0x080002ef   Thumb Code     0  startup_stm32g431xx.o(.text)
    SPI3_IRQHandler                          0x080002ef   Thumb Code     0  startup_stm32g431xx.o(.text)
    TIM1_BRK_TIM15_IRQHandler                0x080002ef   Thumb Code     0  startup_stm32g431xx.o(.text)
    TIM1_CC_IRQHandler                       0x080002ef   Thumb Code     0  startup_stm32g431xx.o(.text)
    TIM1_UP_TIM16_IRQHandler                 0x080002ef   Thumb Code     0  startup_stm32g431xx.o(.text)
    TIM2_IRQHandler                          0x080002ef   Thumb Code     0  startup_stm32g431xx.o(.text)
    TIM3_IRQHandler                          0x080002ef   Thumb Code     0  startup_stm32g431xx.o(.text)
    TIM4_IRQHandler                          0x080002ef   Thumb Code     0  startup_stm32g431xx.o(.text)
    TIM7_IRQHandler                          0x080002ef   Thumb Code     0  startup_stm32g431xx.o(.text)
    TIM8_BRK_IRQHandler                      0x080002ef   Thumb Code     0  startup_stm32g431xx.o(.text)
    TIM8_CC_IRQHandler                       0x080002ef   Thumb Code     0  startup_stm32g431xx.o(.text)
    TIM8_TRG_COM_IRQHandler                  0x080002ef   Thumb Code     0  startup_stm32g431xx.o(.text)
    TIM8_UP_IRQHandler                       0x080002ef   Thumb Code     0  startup_stm32g431xx.o(.text)
    UART4_IRQHandler                         0x080002ef   Thumb Code     0  startup_stm32g431xx.o(.text)
    UCPD1_IRQHandler                         0x080002ef   Thumb Code     0  startup_stm32g431xx.o(.text)
    USART2_IRQHandler                        0x080002ef   Thumb Code     0  startup_stm32g431xx.o(.text)
    USART3_IRQHandler                        0x080002ef   Thumb Code     0  startup_stm32g431xx.o(.text)
    USBWakeUp_IRQHandler                     0x080002ef   Thumb Code     0  startup_stm32g431xx.o(.text)
    USB_HP_IRQHandler                        0x080002ef   Thumb Code     0  startup_stm32g431xx.o(.text)
    USB_LP_IRQHandler                        0x080002ef   Thumb Code     0  startup_stm32g431xx.o(.text)
    WWDG_IRQHandler                          0x080002ef   Thumb Code     0  startup_stm32g431xx.o(.text)
    __user_initial_stackheap                 0x080002f1   Thumb Code     0  startup_stm32g431xx.o(.text)
    __aeabi_uldivmod                         0x08000315   Thumb Code     0  lludivv7m.o(.text)
    _ll_udiv                                 0x08000315   Thumb Code   240  lludivv7m.o(.text)
    __2printf                                0x08000405   Thumb Code    20  noretval__2printf.o(.text)
    __2sprintf                               0x0800041d   Thumb Code    34  noretval__2sprintf.o(.text)
    _printf_str                              0x08000445   Thumb Code    82  _printf_str.o(.text)
    _printf_int_dec                          0x08000499   Thumb Code   104  _printf_dec.o(.text)
    __printf                                 0x08000511   Thumb Code   270  __printf_wp.o(.text)
    __0sscanf                                0x08000621   Thumb Code    52  __0sscanf.o(.text)
    _scanf_int                               0x0800065d   Thumb Code   332  _scanf_int.o(.text)
    _scanf_string                            0x080007a9   Thumb Code   224  _scanf_str.o(.text)
    puts                                     0x08000889   Thumb Code    40  puts.o(.text)
    memcmp                                   0x080008b5   Thumb Code    88  memcmp.o(.text)
    strcpy                                   0x0800090d   Thumb Code    72  strcpy.o(.text)
    strlen                                   0x08000955   Thumb Code    62  strlen.o(.text)
    __aeabi_memclr4                          0x08000993   Thumb Code     0  rt_memclr_w.o(.text)
    __aeabi_memclr8                          0x08000993   Thumb Code     0  rt_memclr_w.o(.text)
    __rt_memclr_w                            0x08000993   Thumb Code     0  rt_memclr_w.o(.text)
    _memset_w                                0x08000997   Thumb Code    74  rt_memclr_w.o(.text)
    strcmp                                   0x080009e1   Thumb Code   124  strcmpv7em.o(.text)
    mktime                                   0x08000a9b   Thumb Code   352  mktime.o(.text)
    __use_two_region_memory                  0x08000c05   Thumb Code     2  heapauxi.o(.text)
    __rt_heap_escrow$2region                 0x08000c07   Thumb Code     2  heapauxi.o(.text)
    __rt_heap_expand$2region                 0x08000c09   Thumb Code     2  heapauxi.o(.text)
    _printf_int_common                       0x08000c0b   Thumb Code   178  _printf_intcommon.o(.text)
    _printf_fp_dec_real                      0x08000e6d   Thumb Code   620  _printf_fp_dec.o(.text)
    _printf_char_common                      0x080010e3   Thumb Code    32  _printf_char_common.o(.text)
    _sputc                                   0x08001109   Thumb Code    10  _sputc.o(.text)
    _printf_cs_common                        0x08001113   Thumb Code    20  _printf_char.o(.text)
    _printf_char                             0x08001127   Thumb Code    16  _printf_char.o(.text)
    _printf_string                           0x08001137   Thumb Code     8  _printf_char.o(.text)
    _printf_char_file                        0x08001141   Thumb Code    32  _printf_char_file.o(.text)
    _chval                                   0x08001165   Thumb Code    28  _chval.o(.text)
    __vfscanf_char                           0x0800118d   Thumb Code    24  scanf_char.o(.text)
    _sgetc                                   0x080011ad   Thumb Code    30  _sgetc.o(.text)
    _sbackspace                              0x080011cb   Thumb Code    34  _sgetc.o(.text)
    __rt_locale                              0x080011ed   Thumb Code     8  rt_locale_intlibspace.o(.text)
    _ll_udiv10                               0x080011f5   Thumb Code   138  lludiv10.o(.text)
    isspace                                  0x0800127f   Thumb Code    18  isspace.o(.text)
    _printf_fp_infnan                        0x08001291   Thumb Code   112  _printf_fp_infnan.o(.text)
    __vfscanf                                0x08001311   Thumb Code   878  _scanf.o(.text)
    _btod_etento                             0x08001685   Thumb Code   224  bigflt0.o(.text)
    ferror                                   0x08001769   Thumb Code     8  ferror.o(.text)
    __user_libspace                          0x08001771   Thumb Code     8  libspace.o(.text)
    __user_perproc_libspace                  0x08001771   Thumb Code     0  libspace.o(.text)
    __user_perthread_libspace                0x08001771   Thumb Code     0  libspace.o(.text)
    __user_setup_stackheap                   0x08001779   Thumb Code    74  sys_stackheap_outer.o(.text)
    __rt_ctype_table                         0x080017c5   Thumb Code    16  rt_ctype_table.o(.text)
    exit                                     0x080017d5   Thumb Code    18  exit.o(.text)
    BusFault_Handler                         0x080017e9   Thumb Code     2  stm32g4xx_it.o(.text.BusFault_Handler)
    DebugMon_Handler                         0x080017ed   Thumb Code     2  stm32g4xx_it.o(.text.DebugMon_Handler)
    Error_Handler                            0x080017f1   Thumb Code    10  main.o(.text.Error_Handler)
    HAL_DMA_Abort                            0x080017fd   Thumb Code   110  stm32g4xx_hal_dma.o(.text.HAL_DMA_Abort)
    HAL_DMA_Abort_IT                         0x0800186d   Thumb Code   126  stm32g4xx_hal_dma.o(.text.HAL_DMA_Abort_IT)
    HAL_Delay                                0x080018ed   Thumb Code    40  stm32g4xx_hal.o(.text.HAL_Delay)
    HAL_GPIO_Init                            0x08001915   Thumb Code   416  stm32g4xx_hal_gpio.o(.text.HAL_GPIO_Init)
    HAL_GPIO_ReadPin                         0x08001ab5   Thumb Code    10  stm32g4xx_hal_gpio.o(.text.HAL_GPIO_ReadPin)
    HAL_GPIO_WritePin                        0x08001ac1   Thumb Code    12  stm32g4xx_hal_gpio.o(.text.HAL_GPIO_WritePin)
    HAL_GetTick                              0x08001acd   Thumb Code    12  stm32g4xx_hal.o(.text.HAL_GetTick)
    HAL_IncTick                              0x08001ad9   Thumb Code    26  stm32g4xx_hal.o(.text.HAL_IncTick)
    HAL_Init                                 0x08001af5   Thumb Code    30  stm32g4xx_hal.o(.text.HAL_Init)
    HAL_InitTick                             0x08001b15   Thumb Code    90  stm32g4xx_hal.o(.text.HAL_InitTick)
    HAL_MspInit                              0x08001b71   Thumb Code    52  stm32g4xx_hal_msp.o(.text.HAL_MspInit)
    HAL_NVIC_EnableIRQ                       0x08001ba5   Thumb Code    34  stm32g4xx_hal_cortex.o(.text.HAL_NVIC_EnableIRQ)
    HAL_NVIC_SetPriority                     0x08001bc9   Thumb Code    86  stm32g4xx_hal_cortex.o(.text.HAL_NVIC_SetPriority)
    HAL_NVIC_SetPriorityGrouping             0x08001c21   Thumb Code    32  stm32g4xx_hal_cortex.o(.text.HAL_NVIC_SetPriorityGrouping)
    HAL_PWREx_ControlVoltageScaling          0x08001c41   Thumb Code   242  stm32g4xx_hal_pwr_ex.o(.text.HAL_PWREx_ControlVoltageScaling)
    HAL_PWREx_DisableUCPDDeadBattery         0x08001d35   Thumb Code    18  stm32g4xx_hal_pwr_ex.o(.text.HAL_PWREx_DisableUCPDDeadBattery)
    HAL_RCCEx_PeriphCLKConfig                0x08001d49   Thumb Code   692  stm32g4xx_hal_rcc_ex.o(.text.HAL_RCCEx_PeriphCLKConfig)
    HAL_RCC_ClockConfig                      0x08001ffd   Thumb Code   786  stm32g4xx_hal_rcc.o(.text.HAL_RCC_ClockConfig)
    HAL_RCC_GetPCLK1Freq                     0x08002311   Thumb Code    42  stm32g4xx_hal_rcc.o(.text.HAL_RCC_GetPCLK1Freq)
    HAL_RCC_GetPCLK2Freq                     0x0800233d   Thumb Code    42  stm32g4xx_hal_rcc.o(.text.HAL_RCC_GetPCLK2Freq)
    HAL_RCC_GetSysClockFreq                  0x08002369   Thumb Code   130  stm32g4xx_hal_rcc.o(.text.HAL_RCC_GetSysClockFreq)
    HAL_RCC_OscConfig                        0x080023ed   Thumb Code  1156  stm32g4xx_hal_rcc.o(.text.HAL_RCC_OscConfig)
    HAL_SYSTICK_Config                       0x08002871   Thumb Code    44  stm32g4xx_hal_cortex.o(.text.HAL_SYSTICK_Config)
    HAL_TIMEx_Break2Callback                 0x0800289d   Thumb Code     2  stm32g4xx_hal_tim_ex.o(.text.HAL_TIMEx_Break2Callback)
    HAL_TIMEx_BreakCallback                  0x080028a1   Thumb Code     2  stm32g4xx_hal_tim_ex.o(.text.HAL_TIMEx_BreakCallback)
    HAL_TIMEx_CommutCallback                 0x080028a5   Thumb Code     2  stm32g4xx_hal_tim_ex.o(.text.HAL_TIMEx_CommutCallback)
    HAL_TIMEx_ConfigBreakDeadTime            0x080028a9   Thumb Code   208  stm32g4xx_hal_tim_ex.o(.text.HAL_TIMEx_ConfigBreakDeadTime)
    HAL_TIMEx_DirectionChangeCallback        0x08002979   Thumb Code     2  stm32g4xx_hal_tim_ex.o(.text.HAL_TIMEx_DirectionChangeCallback)
    HAL_TIMEx_EncoderIndexCallback           0x0800297d   Thumb Code     2  stm32g4xx_hal_tim_ex.o(.text.HAL_TIMEx_EncoderIndexCallback)
    HAL_TIMEx_IndexErrorCallback             0x08002981   Thumb Code     2  stm32g4xx_hal_tim_ex.o(.text.HAL_TIMEx_IndexErrorCallback)
    HAL_TIMEx_MasterConfigSynchronization    0x08002985   Thumb Code   172  stm32g4xx_hal_tim_ex.o(.text.HAL_TIMEx_MasterConfigSynchronization)
    HAL_TIMEx_TransitionErrorCallback        0x08002a31   Thumb Code     2  stm32g4xx_hal_tim_ex.o(.text.HAL_TIMEx_TransitionErrorCallback)
    HAL_TIM_Base_Init                        0x08002a35   Thumb Code    98  stm32g4xx_hal_tim.o(.text.HAL_TIM_Base_Init)
    HAL_TIM_Base_MspInit                     0x08002a99   Thumb Code   120  tim.o(.text.HAL_TIM_Base_MspInit)
    HAL_TIM_Base_Start_IT                    0x08002b11   Thumb Code   146  stm32g4xx_hal_tim.o(.text.HAL_TIM_Base_Start_IT)
    HAL_TIM_IC_CaptureCallback               0x08002ba5   Thumb Code     2  stm32g4xx_hal_tim.o(.text.HAL_TIM_IC_CaptureCallback)
    HAL_TIM_IRQHandler                       0x08002ba9   Thumb Code   454  stm32g4xx_hal_tim.o(.text.HAL_TIM_IRQHandler)
    HAL_TIM_OC_DelayElapsedCallback          0x08002d71   Thumb Code     2  stm32g4xx_hal_tim.o(.text.HAL_TIM_OC_DelayElapsedCallback)
    HAL_TIM_PWM_ConfigChannel                0x08002d75   Thumb Code   952  stm32g4xx_hal_tim.o(.text.HAL_TIM_PWM_ConfigChannel)
    HAL_TIM_PWM_Init                         0x0800312d   Thumb Code    98  stm32g4xx_hal_tim.o(.text.HAL_TIM_PWM_Init)
    HAL_TIM_PWM_MspInit                      0x08003191   Thumb Code     2  stm32g4xx_hal_tim.o(.text.HAL_TIM_PWM_MspInit)
    HAL_TIM_PWM_PulseFinishedCallback        0x08003195   Thumb Code     2  stm32g4xx_hal_tim.o(.text.HAL_TIM_PWM_PulseFinishedCallback)
    HAL_TIM_PWM_Start_IT                     0x08003199   Thumb Code   376  stm32g4xx_hal_tim.o(.text.HAL_TIM_PWM_Start_IT)
    HAL_TIM_PeriodElapsedCallback            0x08003311   Thumb Code   208  main.o(.text.HAL_TIM_PeriodElapsedCallback)
    HAL_TIM_TriggerCallback                  0x08003469   Thumb Code     2  stm32g4xx_hal_tim.o(.text.HAL_TIM_TriggerCallback)
    HAL_UARTEx_DisableFifoMode               0x0800346d   Thumb Code    54  stm32g4xx_hal_uart_ex.o(.text.HAL_UARTEx_DisableFifoMode)
    HAL_UARTEx_RxEventCallback               0x080034a5   Thumb Code     2  stm32g4xx_hal_uart.o(.text.HAL_UARTEx_RxEventCallback)
    HAL_UARTEx_RxFifoFullCallback            0x080034a9   Thumb Code     2  stm32g4xx_hal_uart_ex.o(.text.HAL_UARTEx_RxFifoFullCallback)
    HAL_UARTEx_SetRxFifoThreshold            0x080034ad   Thumb Code   146  stm32g4xx_hal_uart_ex.o(.text.HAL_UARTEx_SetRxFifoThreshold)
    HAL_UARTEx_SetTxFifoThreshold            0x08003541   Thumb Code   146  stm32g4xx_hal_uart_ex.o(.text.HAL_UARTEx_SetTxFifoThreshold)
    HAL_UARTEx_TxFifoEmptyCallback           0x080035d5   Thumb Code     2  stm32g4xx_hal_uart_ex.o(.text.HAL_UARTEx_TxFifoEmptyCallback)
    HAL_UARTEx_WakeupCallback                0x080035d9   Thumb Code     2  stm32g4xx_hal_uart_ex.o(.text.HAL_UARTEx_WakeupCallback)
    HAL_UART_ErrorCallback                   0x080035dd   Thumb Code     2  stm32g4xx_hal_uart.o(.text.HAL_UART_ErrorCallback)
    HAL_UART_GetState                        0x080035e1   Thumb Code    12  stm32g4xx_hal_uart.o(.text.HAL_UART_GetState)
    HAL_UART_IRQHandler                      0x080035ed   Thumb Code   926  stm32g4xx_hal_uart.o(.text.HAL_UART_IRQHandler)
    HAL_UART_Init                            0x0800398d   Thumb Code    98  stm32g4xx_hal_uart.o(.text.HAL_UART_Init)
    HAL_UART_MspInit                         0x080039f1   Thumb Code   158  usart.o(.text.HAL_UART_MspInit)
    HAL_UART_Receive_IT                      0x08003a91   Thumb Code    98  stm32g4xx_hal_uart.o(.text.HAL_UART_Receive_IT)
    HAL_UART_RxCpltCallback                  0x08003af5   Thumb Code   108  usart.o(.text.HAL_UART_RxCpltCallback)
    HAL_UART_Transmit                        0x08003b61   Thumb Code   260  stm32g4xx_hal_uart.o(.text.HAL_UART_Transmit)
    HAL_UART_TxCpltCallback                  0x08003c65   Thumb Code     2  stm32g4xx_hal_uart.o(.text.HAL_UART_TxCpltCallback)
    HardFault_Handler                        0x08003c69   Thumb Code     2  stm32g4xx_it.o(.text.HardFault_Handler)
    LCD_Clear                                0x08003c6d   Thumb Code   212  lcd.o(.text.LCD_Clear)
    LCD_DisplayStringLine                    0x08003d41   Thumb Code    76  lcd.o(.text.LCD_DisplayStringLine)
    LCD_DrawChar                             0x08003d8d   Thumb Code   366  lcd.o(.text.LCD_DrawChar)
    LCD_Init                                 0x08003efd   Thumb Code   574  lcd.o(.text.LCD_Init)
    LCD_SetBackColor                         0x0800413d   Thumb Code    24  lcd.o(.text.LCD_SetBackColor)
    LCD_SetCursor                            0x08004155   Thumb Code   234  lcd.o(.text.LCD_SetCursor)
    LCD_SetTextColor                         0x08004241   Thumb Code    24  lcd.o(.text.LCD_SetTextColor)
    MX_GPIO_Init                             0x08004259   Thumb Code   124  gpio.o(.text.MX_GPIO_Init)
    MX_TIM17_Init                            0x080042d5   Thumb Code   260  tim.o(.text.MX_TIM17_Init)
    MX_TIM6_Init                             0x080043d9   Thumb Code    86  tim.o(.text.MX_TIM6_Init)
    MX_USART1_UART_Init                      0x08004431   Thumb Code   140  usart.o(.text.MX_USART1_UART_Init)
    MemManage_Handler                        0x080044bd   Thumb Code     2  stm32g4xx_it.o(.text.MemManage_Handler)
    NMI_Handler                              0x080044c1   Thumb Code     2  stm32g4xx_it.o(.text.NMI_Handler)
    PendSV_Handler                           0x080044c5   Thumb Code     2  stm32g4xx_it.o(.text.PendSV_Handler)
    REG_8230_Init                            0x080044c9   Thumb Code  3258  lcd.o(.text.REG_8230_Init)
    REG_932X_Init                            0x08005185   Thumb Code  6302  lcd.o(.text.REG_932X_Init)
    SVC_Handler                              0x08006a25   Thumb Code     2  stm32g4xx_it.o(.text.SVC_Handler)
    SysTick_Handler                          0x08006a29   Thumb Code     4  stm32g4xx_it.o(.text.SysTick_Handler)
    SystemInit                               0x08006a2d   Thumb Code    18  system_stm32g4xx.o(.text.SystemInit)
    TIM1_TRG_COM_TIM17_IRQHandler            0x08006a41   Thumb Code    12  stm32g4xx_it.o(.text.TIM1_TRG_COM_TIM17_IRQHandler)
    TIM6_DAC_IRQHandler                      0x08006a4d   Thumb Code    12  stm32g4xx_it.o(.text.TIM6_DAC_IRQHandler)
    TIM_Base_SetConfig                       0x08006a59   Thumb Code   278  stm32g4xx_hal_tim.o(.text.TIM_Base_SetConfig)
    UART_AdvFeatureConfig                    0x08006b71   Thumb Code   230  stm32g4xx_hal_uart.o(.text.UART_AdvFeatureConfig)
    UART_CheckIdleState                      0x08006c59   Thumb Code   190  stm32g4xx_hal_uart.o(.text.UART_CheckIdleState)
    UART_SetConfig                           0x0800726d   Thumb Code   660  stm32g4xx_hal_uart.o(.text.UART_SetConfig)
    UART_Start_Receive_IT                    0x08007511   Thumb Code   284  stm32g4xx_hal_uart.o(.text.UART_Start_Receive_IT)
    UART_WaitOnFlagUntilTimeout              0x0800762d   Thumb Code   318  stm32g4xx_hal_uart.o(.text.UART_WaitOnFlagUntilTimeout)
    USART1_IRQHandler                        0x0800776d   Thumb Code    88  stm32g4xx_it.o(.text.USART1_IRQHandler)
    UsageFault_Handler                       0x080077c5   Thumb Code     2  stm32g4xx_it.o(.text.UsageFault_Handler)
    _sys_exit                                0x080077c9   Thumb Code     2  usart.o(.text._sys_exit)
    car_check                                0x080077cd   Thumb Code   636  main.o(.text.car_check)
    fputc                                    0x08007a91   Thumb Code    30  usart.o(.text.fputc)
    led_OFF                                  0x08007ab1   Thumb Code   120  led.o(.text.led_OFF)
    led_ON                                   0x08007b29   Thumb Code   126  led.o(.text.led_ON)
    led_init                                 0x08007ba9   Thumb Code   152  led.o(.text.led_init)
    main                                     0x08007c41   Thumb Code   598  main.o(.text.main)
    _btod_d2e                                0x08007e97   Thumb Code    62  btod.o(CL$$btod_d2e)
    _d2e_denorm_low                          0x08007ed5   Thumb Code    70  btod.o(CL$$btod_d2e_denorm_low)
    _d2e_norm_op1                            0x08007f1b   Thumb Code    96  btod.o(CL$$btod_d2e_norm_op1)
    __btod_div_common                        0x08007f7d   Thumb Code   696  btod.o(CL$$btod_div_common)
    _e2e                                     0x080082b5   Thumb Code   220  btod.o(CL$$btod_e2e)
    _btod_ediv                               0x08008391   Thumb Code    42  btod.o(CL$$btod_ediv)
    _btod_emul                               0x080083bb   Thumb Code    42  btod.o(CL$$btod_emul)
    __btod_mult_common                       0x080083e5   Thumb Code   580  btod.o(CL$$btod_mult_common)
    __ARM_fpclassify                         0x08008629   Thumb Code    48  fpclassify.o(i.__ARM_fpclassify)
    __hardfp_difftime                        0x08008659   Thumb Code    42  difftime.o(i.__hardfp_difftime)
    _is_digit                                0x08008683   Thumb Code    14  __printf_wp.o(i._is_digit)
    _get_lc_numeric                          0x08008691   Thumb Code    44  lc_numeric_c.o(locale$$code)
    _get_lc_ctype                            0x080086bd   Thumb Code    44  lc_ctype_c.o(locale$$code)
    __aeabi_dadd                             0x080086e9   Thumb Code     0  daddsub_clz.o(x$fpl$dadd)
    _dadd                                    0x080086e9   Thumb Code   332  daddsub_clz.o(x$fpl$dadd)
    __aeabi_d2uiz                            0x08008839   Thumb Code     0  dfixu.o(x$fpl$dfixu)
    _dfixu                                   0x08008839   Thumb Code    90  dfixu.o(x$fpl$dfixu)
    __aeabi_ui2d                             0x08008893   Thumb Code     0  dflt_clz.o(x$fpl$dfltu)
    _dfltu                                   0x08008893   Thumb Code    38  dflt_clz.o(x$fpl$dfltu)
    __fpl_dnaninf                            0x080088b9   Thumb Code   156  dnaninf.o(x$fpl$dnaninf)
    __fpl_dretinf                            0x08008955   Thumb Code    12  dretinf.o(x$fpl$dretinf)
    __aeabi_dsub                             0x08008961   Thumb Code     0  daddsub_clz.o(x$fpl$dsub)
    _dsub                                    0x08008961   Thumb Code   472  daddsub_clz.o(x$fpl$dsub)
    __aeabi_f2d                              0x08008b3d   Thumb Code     0  f2d.o(x$fpl$f2d)
    _f2d                                     0x08008b3d   Thumb Code    86  f2d.o(x$fpl$f2d)
    __fpl_fnaninf                            0x08008b93   Thumb Code   140  fnaninf.o(x$fpl$fnaninf)
    _fp_init                                 0x08008c1f   Thumb Code    26  fpinit.o(x$fpl$fpinit)
    __fplib_config_fpu_vfp                   0x08008c37   Thumb Code     0  fpinit.o(x$fpl$fpinit)
    __fplib_config_pureend_doubles           0x08008c37   Thumb Code     0  fpinit.o(x$fpl$fpinit)
    _printf_fp_dec                           0x08008c39   Thumb Code     4  printf1.o(x$fpl$printf1)
    __I$use$fp                               0x08008c3c   Number         0  usenofp.o(x$fpl$usenofp)
    _monlen                                  0x08008c3c   Data          12  _monlen.o(.constdata)
    AHBPrescTable                            0x08008cdc   Data          16  system_stm32g4xx.o(.rodata.AHBPrescTable)
    APBPrescTable                            0x08008cec   Data           8  system_stm32g4xx.o(.rodata.APBPrescTable)
    ASCII_Table                              0x08008cf4   Data        4560  lcd.o(.rodata.ASCII_Table)
    UARTPrescTable                           0x08009ec4   Data          24  stm32g4xx_hal_uart.o(.rodata.UARTPrescTable)
    Region$$Table$$Base                      0x08009f3c   Number         0  anon$$obj.o(Region$$Table)
    Region$$Table$$Limit                     0x08009f5c   Number         0  anon$$obj.o(Region$$Table)
    __ctype                                  0x08009f85   Data           0  lc_ctype_c.o(locale$$data)
    B4                                       0x20000000   Data           1  main.o(.data.B4)
    SystemCoreClock                          0x20000004   Data           4  system_stm32g4xx.o(.data.SystemCoreClock)
    uwTickFreq                               0x20000008   Data           4  stm32g4xx_hal.o(.data.uwTickFreq)
    uwTickPrio                               0x2000000c   Data           4  stm32g4xx_hal.o(.data.uwTickPrio)
    __libspace_start                         0x20000010   Data          96  libspace.o(.bss)
    __temporary_stack_top$libspace           0x20000070   Data           0  libspace.o(.bss)
    USART1_RECEIVE_ARRAY                     0x20000074   Data         200  usart.o(.bss.USART1_RECEIVE_ARRAY)
    USART1_RECEIVE_DATA                      0x2000013c   Data           1  usart.o(.bss.USART1_RECEIVE_DATA)
    USART1_RECEIVE_STATE                     0x2000013e   Data           2  usart.o(.bss.USART1_RECEIVE_STATE)
    __stdout                                 0x20000140   Data          84  usart.o(.bss.__stdout)
    car                                      0x20000194   Data         320  main.o(.bss.car)
    car_receive                              0x200002d4   Data          40  main.o(.bss.car_receive)
    dummy                                    0x200002fc   Data           2  lcd.o(.bss.dummy)
    htim17                                   0x20000300   Data          76  tim.o(.bss.htim17)
    htim6                                    0x2000034c   Data          76  tim.o(.bss.htim6)
    huart1                                   0x20000398   Data         148  usart.o(.bss.huart1)
    led_buff                                 0x2000042c   Data           1  led.o(.bss.led_buff)
    led_state                                0x20000430   Data          32  led.o(.bss.led_state)
    mode                                     0x20000450   Data           4  main.o(.bss.mode)
    stop_message                             0x20000454   Data          16  main.o(.bss.stop_message)
    text                                     0x20000464   Data          30  main.o(.bss.text)
    uwTick                                   0x20000484   Data           4  stm32g4xx_hal.o(.bss.uwTick)



==============================================================================

Memory Map of the image

  Image Entry point : 0x080001d9

  Load Region LR_IROM1 (Base: 0x08000000, Size: 0x0000a098, Max: 0x00020000, ABSOLUTE)

    Execution Region ER_IROM1 (Exec base: 0x08000000, Load base: 0x08000000, Size: 0x0000a088, Max: 0x00020000, ABSOLUTE)

    Exec Addr    Load Addr    Size         Type   Attr      Idx    E Section Name        Object

    0x08000000   0x08000000   0x000001d8   Data   RO            3    RESET               startup_stm32g431xx.o
    0x080001d8   0x080001d8   0x00000008   Code   RO         1377  * !!!main             c_w.l(__main.o)
    0x080001e0   0x080001e0   0x0000005c   Code   RO         1665    !!!scatter          c_w.l(__scatter.o)
    0x0800023c   0x0800023c   0x0000001a   Code   RO         1669    !!handler_copy      c_w.l(__scatter_copy.o)
    0x08000256   0x08000256   0x00000002   PAD
    0x08000258   0x08000258   0x00000002   Code   RO         1666    !!handler_null      c_w.l(__scatter.o)
    0x0800025a   0x0800025a   0x00000002   PAD
    0x0800025c   0x0800025c   0x0000001c   Code   RO         1671    !!handler_zi        c_w.l(__scatter_zi.o)
    0x08000278   0x08000278   0x00000000   Code   RO         1354    .ARM.Collect$$_printf_percent$$00000000  c_w.l(_printf_percent.o)
    0x08000278   0x08000278   0x00000006   Code   RO         1353    .ARM.Collect$$_printf_percent$$00000003  c_w.l(_printf_f.o)
    0x0800027e   0x0800027e   0x00000006   Code   RO         1352    .ARM.Collect$$_printf_percent$$00000009  c_w.l(_printf_d.o)
    0x08000284   0x08000284   0x00000006   Code   RO         1351    .ARM.Collect$$_printf_percent$$00000014  c_w.l(_printf_s.o)
    0x0800028a   0x0800028a   0x00000004   Code   RO         1412    .ARM.Collect$$_printf_percent$$00000017  c_w.l(_printf_percent_end.o)
    0x0800028e   0x0800028e   0x00000002   Code   RO         1529    .ARM.Collect$$libinit$$00000000  c_w.l(libinit.o)
    0x08000290   0x08000290   0x00000004   Code   RO         1530    .ARM.Collect$$libinit$$00000001  c_w.l(libinit2.o)
    0x08000294   0x08000294   0x00000000   Code   RO         1533    .ARM.Collect$$libinit$$00000004  c_w.l(libinit2.o)
    0x08000294   0x08000294   0x00000000   Code   RO         1535    .ARM.Collect$$libinit$$00000006  c_w.l(libinit2.o)
    0x08000294   0x08000294   0x00000000   Code   RO         1538    .ARM.Collect$$libinit$$0000000C  c_w.l(libinit2.o)
    0x08000294   0x08000294   0x00000000   Code   RO         1540    .ARM.Collect$$libinit$$0000000E  c_w.l(libinit2.o)
    0x08000294   0x08000294   0x00000000   Code   RO         1542    .ARM.Collect$$libinit$$00000010  c_w.l(libinit2.o)
    0x08000294   0x08000294   0x00000006   Code   RO         1543    .ARM.Collect$$libinit$$00000011  c_w.l(libinit2.o)
    0x0800029a   0x0800029a   0x00000000   Code   RO         1545    .ARM.Collect$$libinit$$00000013  c_w.l(libinit2.o)
    0x0800029a   0x0800029a   0x0000000c   Code   RO         1546    .ARM.Collect$$libinit$$00000014  c_w.l(libinit2.o)
    0x080002a6   0x080002a6   0x00000000   Code   RO         1547    .ARM.Collect$$libinit$$00000015  c_w.l(libinit2.o)
    0x080002a6   0x080002a6   0x00000000   Code   RO         1549    .ARM.Collect$$libinit$$00000017  c_w.l(libinit2.o)
    0x080002a6   0x080002a6   0x0000000a   Code   RO         1550    .ARM.Collect$$libinit$$00000018  c_w.l(libinit2.o)
    0x080002b0   0x080002b0   0x00000000   Code   RO         1551    .ARM.Collect$$libinit$$00000019  c_w.l(libinit2.o)
    0x080002b0   0x080002b0   0x00000000   Code   RO         1553    .ARM.Collect$$libinit$$0000001B  c_w.l(libinit2.o)
    0x080002b0   0x080002b0   0x00000000   Code   RO         1555    .ARM.Collect$$libinit$$0000001D  c_w.l(libinit2.o)
    0x080002b0   0x080002b0   0x00000000   Code   RO         1557    .ARM.Collect$$libinit$$0000001F  c_w.l(libinit2.o)
    0x080002b0   0x080002b0   0x00000000   Code   RO         1559    .ARM.Collect$$libinit$$00000021  c_w.l(libinit2.o)
    0x080002b0   0x080002b0   0x00000000   Code   RO         1561    .ARM.Collect$$libinit$$00000023  c_w.l(libinit2.o)
    0x080002b0   0x080002b0   0x00000000   Code   RO         1563    .ARM.Collect$$libinit$$00000025  c_w.l(libinit2.o)
    0x080002b0   0x080002b0   0x00000000   Code   RO         1565    .ARM.Collect$$libinit$$00000027  c_w.l(libinit2.o)
    0x080002b0   0x080002b0   0x00000000   Code   RO         1569    .ARM.Collect$$libinit$$0000002E  c_w.l(libinit2.o)
    0x080002b0   0x080002b0   0x00000000   Code   RO         1571    .ARM.Collect$$libinit$$00000030  c_w.l(libinit2.o)
    0x080002b0   0x080002b0   0x00000000   Code   RO         1573    .ARM.Collect$$libinit$$00000032  c_w.l(libinit2.o)
    0x080002b0   0x080002b0   0x00000000   Code   RO         1575    .ARM.Collect$$libinit$$00000034  c_w.l(libinit2.o)
    0x080002b0   0x080002b0   0x00000002   Code   RO         1576    .ARM.Collect$$libinit$$00000035  c_w.l(libinit2.o)
    0x080002b2   0x080002b2   0x00000002   Code   RO         1627    .ARM.Collect$$libshutdown$$00000000  c_w.l(libshutdown.o)
    0x080002b4   0x080002b4   0x00000000   Code   RO         1648    .ARM.Collect$$libshutdown$$00000002  c_w.l(libshutdown2.o)
    0x080002b4   0x080002b4   0x00000000   Code   RO         1650    .ARM.Collect$$libshutdown$$00000004  c_w.l(libshutdown2.o)
    0x080002b4   0x080002b4   0x00000000   Code   RO         1653    .ARM.Collect$$libshutdown$$00000007  c_w.l(libshutdown2.o)
    0x080002b4   0x080002b4   0x00000000   Code   RO         1656    .ARM.Collect$$libshutdown$$0000000A  c_w.l(libshutdown2.o)
    0x080002b4   0x080002b4   0x00000000   Code   RO         1658    .ARM.Collect$$libshutdown$$0000000C  c_w.l(libshutdown2.o)
    0x080002b4   0x080002b4   0x00000000   Code   RO         1661    .ARM.Collect$$libshutdown$$0000000F  c_w.l(libshutdown2.o)
    0x080002b4   0x080002b4   0x00000002   Code   RO         1662    .ARM.Collect$$libshutdown$$00000010  c_w.l(libshutdown2.o)
    0x080002b6   0x080002b6   0x00000000   Code   RO         1393    .ARM.Collect$$rtentry$$00000000  c_w.l(__rtentry.o)
    0x080002b6   0x080002b6   0x00000000   Code   RO         1440    .ARM.Collect$$rtentry$$00000002  c_w.l(__rtentry2.o)
    0x080002b6   0x080002b6   0x00000006   Code   RO         1452    .ARM.Collect$$rtentry$$00000004  c_w.l(__rtentry4.o)
    0x080002bc   0x080002bc   0x00000000   Code   RO         1442    .ARM.Collect$$rtentry$$00000009  c_w.l(__rtentry2.o)
    0x080002bc   0x080002bc   0x00000004   Code   RO         1443    .ARM.Collect$$rtentry$$0000000A  c_w.l(__rtentry2.o)
    0x080002c0   0x080002c0   0x00000000   Code   RO         1445    .ARM.Collect$$rtentry$$0000000C  c_w.l(__rtentry2.o)
    0x080002c0   0x080002c0   0x00000008   Code   RO         1446    .ARM.Collect$$rtentry$$0000000D  c_w.l(__rtentry2.o)
    0x080002c8   0x080002c8   0x00000002   Code   RO         1577    .ARM.Collect$$rtexit$$00000000  c_w.l(rtexit.o)
    0x080002ca   0x080002ca   0x00000000   Code   RO         1595    .ARM.Collect$$rtexit$$00000002  c_w.l(rtexit2.o)
    0x080002ca   0x080002ca   0x00000004   Code   RO         1596    .ARM.Collect$$rtexit$$00000003  c_w.l(rtexit2.o)
    0x080002ce   0x080002ce   0x00000006   Code   RO         1597    .ARM.Collect$$rtexit$$00000004  c_w.l(rtexit2.o)
    0x080002d4   0x080002d4   0x00000040   Code   RO            4    .text               startup_stm32g431xx.o
    0x08000314   0x08000314   0x000000f0   Code   RO         1315    .text               c_w.l(lludivv7m.o)
    0x08000404   0x08000404   0x00000018   Code   RO         1321    .text               c_w.l(noretval__2printf.o)
    0x0800041c   0x0800041c   0x00000028   Code   RO         1323    .text               c_w.l(noretval__2sprintf.o)
    0x08000444   0x08000444   0x00000052   Code   RO         1327    .text               c_w.l(_printf_str.o)
    0x08000496   0x08000496   0x00000002   PAD
    0x08000498   0x08000498   0x00000078   Code   RO         1329    .text               c_w.l(_printf_dec.o)
    0x08000510   0x08000510   0x0000010e   Code   RO         1339    .text               c_w.l(__printf_wp.o)
    0x0800061e   0x0800061e   0x00000002   PAD
    0x08000620   0x08000620   0x0000003c   Code   RO         1355    .text               c_w.l(__0sscanf.o)
    0x0800065c   0x0800065c   0x0000014c   Code   RO         1357    .text               c_w.l(_scanf_int.o)
    0x080007a8   0x080007a8   0x000000e0   Code   RO         1359    .text               c_w.l(_scanf_str.o)
    0x08000888   0x08000888   0x0000002c   Code   RO         1361    .text               c_w.l(puts.o)
    0x080008b4   0x080008b4   0x00000058   Code   RO         1363    .text               c_w.l(memcmp.o)
    0x0800090c   0x0800090c   0x00000048   Code   RO         1365    .text               c_w.l(strcpy.o)
    0x08000954   0x08000954   0x0000003e   Code   RO         1367    .text               c_w.l(strlen.o)
    0x08000992   0x08000992   0x0000004e   Code   RO         1369    .text               c_w.l(rt_memclr_w.o)
    0x080009e0   0x080009e0   0x0000007c   Code   RO         1371    .text               c_w.l(strcmpv7em.o)
    0x08000a5c   0x08000a5c   0x000001a8   Code   RO         1373    .text               c_w.l(mktime.o)
    0x08000c04   0x08000c04   0x00000006   Code   RO         1375    .text               c_w.l(heapauxi.o)
    0x08000c0a   0x08000c0a   0x000000b2   Code   RO         1398    .text               c_w.l(_printf_intcommon.o)
    0x08000cbc   0x08000cbc   0x0000041c   Code   RO         1400    .text               c_w.l(_printf_fp_dec.o)
    0x080010d8   0x080010d8   0x00000030   Code   RO         1404    .text               c_w.l(_printf_char_common.o)
    0x08001108   0x08001108   0x0000000a   Code   RO         1406    .text               c_w.l(_sputc.o)
    0x08001112   0x08001112   0x0000002c   Code   RO         1408    .text               c_w.l(_printf_char.o)
    0x0800113e   0x0800113e   0x00000002   PAD
    0x08001140   0x08001140   0x00000024   Code   RO         1410    .text               c_w.l(_printf_char_file.o)
    0x08001164   0x08001164   0x0000001c   Code   RO         1413    .text               c_w.l(_chval.o)
    0x08001180   0x08001180   0x0000002c   Code   RO         1415    .text               c_w.l(scanf_char.o)
    0x080011ac   0x080011ac   0x00000040   Code   RO         1417    .text               c_w.l(_sgetc.o)
    0x080011ec   0x080011ec   0x00000008   Code   RO         1459    .text               c_w.l(rt_locale_intlibspace.o)
    0x080011f4   0x080011f4   0x0000008a   Code   RO         1461    .text               c_w.l(lludiv10.o)
    0x0800127e   0x0800127e   0x00000012   Code   RO         1463    .text               c_w.l(isspace.o)
    0x08001290   0x08001290   0x00000080   Code   RO         1465    .text               c_w.l(_printf_fp_infnan.o)
    0x08001310   0x08001310   0x00000374   Code   RO         1469    .text               c_w.l(_scanf.o)
    0x08001684   0x08001684   0x000000e4   Code   RO         1471    .text               c_w.l(bigflt0.o)
    0x08001768   0x08001768   0x00000008   Code   RO         1498    .text               c_w.l(ferror.o)
    0x08001770   0x08001770   0x00000008   Code   RO         1509    .text               c_w.l(libspace.o)
    0x08001778   0x08001778   0x0000004a   Code   RO         1512    .text               c_w.l(sys_stackheap_outer.o)
    0x080017c2   0x080017c2   0x00000002   PAD
    0x080017c4   0x080017c4   0x00000010   Code   RO         1514    .text               c_w.l(rt_ctype_table.o)
    0x080017d4   0x080017d4   0x00000012   Code   RO         1518    .text               c_w.l(exit.o)
    0x080017e6   0x080017e6   0x00000002   PAD
    0x080017e8   0x080017e8   0x00000002   Code   RO          160    .text.BusFault_Handler  stm32g4xx_it.o
    0x080017ea   0x080017ea   0x00000002   PAD
    0x080017ec   0x080017ec   0x00000002   Code   RO          166    .text.DebugMon_Handler  stm32g4xx_it.o
    0x080017ee   0x080017ee   0x00000002   PAD
    0x080017f0   0x080017f0   0x0000000a   Code   RO          126    .text.Error_Handler  main.o
    0x080017fa   0x080017fa   0x00000002   PAD
    0x080017fc   0x080017fc   0x0000006e   Code   RO          387    .text.HAL_DMA_Abort  stm32g4xx_hal_dma.o
    0x0800186a   0x0800186a   0x00000002   PAD
    0x0800186c   0x0800186c   0x0000007e   Code   RO          389    .text.HAL_DMA_Abort_IT  stm32g4xx_hal_dma.o
    0x080018ea   0x080018ea   0x00000002   PAD
    0x080018ec   0x080018ec   0x00000028   Code   RO          266    .text.HAL_Delay     stm32g4xx_hal.o
    0x08001914   0x08001914   0x000001a0   Code   RO          525    .text.HAL_GPIO_Init  stm32g4xx_hal_gpio.o
    0x08001ab4   0x08001ab4   0x0000000a   Code   RO          529    .text.HAL_GPIO_ReadPin  stm32g4xx_hal_gpio.o
    0x08001abe   0x08001abe   0x00000002   PAD
    0x08001ac0   0x08001ac0   0x0000000c   Code   RO          531    .text.HAL_GPIO_WritePin  stm32g4xx_hal_gpio.o
    0x08001acc   0x08001acc   0x0000000c   Code   RO          258    .text.HAL_GetTick   stm32g4xx_hal.o
    0x08001ad8   0x08001ad8   0x0000001a   Code   RO          256    .text.HAL_IncTick   stm32g4xx_hal.o
    0x08001af2   0x08001af2   0x00000002   PAD
    0x08001af4   0x08001af4   0x0000001e   Code   RO          246    .text.HAL_Init      stm32g4xx_hal.o
    0x08001b12   0x08001b12   0x00000002   PAD
    0x08001b14   0x08001b14   0x0000005a   Code   RO          248    .text.HAL_InitTick  stm32g4xx_hal.o
    0x08001b6e   0x08001b6e   0x00000002   PAD
    0x08001b70   0x08001b70   0x00000034   Code   RO          146    .text.HAL_MspInit   stm32g4xx_hal_msp.o
    0x08001ba4   0x08001ba4   0x00000022   Code   RO          337    .text.HAL_NVIC_EnableIRQ  stm32g4xx_hal_cortex.o
    0x08001bc6   0x08001bc6   0x00000002   PAD
    0x08001bc8   0x08001bc8   0x00000056   Code   RO          335    .text.HAL_NVIC_SetPriority  stm32g4xx_hal_cortex.o
    0x08001c1e   0x08001c1e   0x00000002   PAD
    0x08001c20   0x08001c20   0x00000020   Code   RO          333    .text.HAL_NVIC_SetPriorityGrouping  stm32g4xx_hal_cortex.o
    0x08001c40   0x08001c40   0x000000f2   Code   RO          591    .text.HAL_PWREx_ControlVoltageScaling  stm32g4xx_hal_pwr_ex.o
    0x08001d32   0x08001d32   0x00000002   PAD
    0x08001d34   0x08001d34   0x00000012   Code   RO          661    .text.HAL_PWREx_DisableUCPDDeadBattery  stm32g4xx_hal_pwr_ex.o
    0x08001d46   0x08001d46   0x00000002   PAD
    0x08001d48   0x08001d48   0x000002b4   Code   RO          709    .text.HAL_RCCEx_PeriphCLKConfig  stm32g4xx_hal_rcc_ex.o
    0x08001ffc   0x08001ffc   0x00000312   Code   RO          675    .text.HAL_RCC_ClockConfig  stm32g4xx_hal_rcc.o
    0x0800230e   0x0800230e   0x00000002   PAD
    0x08002310   0x08002310   0x0000002a   Code   RO          683    .text.HAL_RCC_GetPCLK1Freq  stm32g4xx_hal_rcc.o
    0x0800233a   0x0800233a   0x00000002   PAD
    0x0800233c   0x0800233c   0x0000002a   Code   RO          685    .text.HAL_RCC_GetPCLK2Freq  stm32g4xx_hal_rcc.o
    0x08002366   0x08002366   0x00000002   PAD
    0x08002368   0x08002368   0x00000082   Code   RO          677    .text.HAL_RCC_GetSysClockFreq  stm32g4xx_hal_rcc.o
    0x080023ea   0x080023ea   0x00000002   PAD
    0x080023ec   0x080023ec   0x00000484   Code   RO          673    .text.HAL_RCC_OscConfig  stm32g4xx_hal_rcc.o
    0x08002870   0x08002870   0x0000002c   Code   RO          345    .text.HAL_SYSTICK_Config  stm32g4xx_hal_cortex.o
    0x0800289c   0x0800289c   0x00000002   Code   RO         1106    .text.HAL_TIMEx_Break2Callback  stm32g4xx_hal_tim_ex.o
    0x0800289e   0x0800289e   0x00000002   PAD
    0x080028a0   0x080028a0   0x00000002   Code   RO         1104    .text.HAL_TIMEx_BreakCallback  stm32g4xx_hal_tim_ex.o
    0x080028a2   0x080028a2   0x00000002   PAD
    0x080028a4   0x080028a4   0x00000002   Code   RO         1100    .text.HAL_TIMEx_CommutCallback  stm32g4xx_hal_tim_ex.o
    0x080028a6   0x080028a6   0x00000002   PAD
    0x080028a8   0x080028a8   0x000000d0   Code   RO         1052    .text.HAL_TIMEx_ConfigBreakDeadTime  stm32g4xx_hal_tim_ex.o
    0x08002978   0x08002978   0x00000002   Code   RO         1110    .text.HAL_TIMEx_DirectionChangeCallback  stm32g4xx_hal_tim_ex.o
    0x0800297a   0x0800297a   0x00000002   PAD
    0x0800297c   0x0800297c   0x00000002   Code   RO         1108    .text.HAL_TIMEx_EncoderIndexCallback  stm32g4xx_hal_tim_ex.o
    0x0800297e   0x0800297e   0x00000002   PAD
    0x08002980   0x08002980   0x00000002   Code   RO         1112    .text.HAL_TIMEx_IndexErrorCallback  stm32g4xx_hal_tim_ex.o
    0x08002982   0x08002982   0x00000002   PAD
    0x08002984   0x08002984   0x000000ac   Code   RO         1050    .text.HAL_TIMEx_MasterConfigSynchronization  stm32g4xx_hal_tim_ex.o
    0x08002a30   0x08002a30   0x00000002   Code   RO         1114    .text.HAL_TIMEx_TransitionErrorCallback  stm32g4xx_hal_tim_ex.o
    0x08002a32   0x08002a32   0x00000002   PAD
    0x08002a34   0x08002a34   0x00000062   Code   RO          755    .text.HAL_TIM_Base_Init  stm32g4xx_hal_tim.o
    0x08002a96   0x08002a96   0x00000002   PAD
    0x08002a98   0x08002a98   0x00000078   Code   RO          207    .text.HAL_TIM_Base_MspInit  tim.o
    0x08002b10   0x08002b10   0x00000092   Code   RO          769    .text.HAL_TIM_Base_Start_IT  stm32g4xx_hal_tim.o
    0x08002ba2   0x08002ba2   0x00000002   PAD
    0x08002ba4   0x08002ba4   0x00000002   Code   RO          891    .text.HAL_TIM_IC_CaptureCallback  stm32g4xx_hal_tim.o
    0x08002ba6   0x08002ba6   0x00000002   PAD
    0x08002ba8   0x08002ba8   0x000001c6   Code   RO          889    .text.HAL_TIM_IRQHandler  stm32g4xx_hal_tim.o
    0x08002d6e   0x08002d6e   0x00000002   PAD
    0x08002d70   0x08002d70   0x00000002   Code   RO          893    .text.HAL_TIM_OC_DelayElapsedCallback  stm32g4xx_hal_tim.o
    0x08002d72   0x08002d72   0x00000002   PAD
    0x08002d74   0x08002d74   0x000003b8   Code   RO          909    .text.HAL_TIM_PWM_ConfigChannel  stm32g4xx_hal_tim.o
    0x0800312c   0x0800312c   0x00000062   Code   RO          809    .text.HAL_TIM_PWM_Init  stm32g4xx_hal_tim.o
    0x0800318e   0x0800318e   0x00000002   PAD
    0x08003190   0x08003190   0x00000002   Code   RO          811    .text.HAL_TIM_PWM_MspInit  stm32g4xx_hal_tim.o
    0x08003192   0x08003192   0x00000002   PAD
    0x08003194   0x08003194   0x00000002   Code   RO          895    .text.HAL_TIM_PWM_PulseFinishedCallback  stm32g4xx_hal_tim.o
    0x08003196   0x08003196   0x00000002   PAD
    0x08003198   0x08003198   0x00000178   Code   RO          821    .text.HAL_TIM_PWM_Start_IT  stm32g4xx_hal_tim.o
    0x08003310   0x08003310   0x00000158   Code   RO          128    .text.HAL_TIM_PeriodElapsedCallback  main.o
    0x08003468   0x08003468   0x00000002   Code   RO          899    .text.HAL_TIM_TriggerCallback  stm32g4xx_hal_tim.o
    0x0800346a   0x0800346a   0x00000002   PAD
    0x0800346c   0x0800346c   0x00000036   Code   RO         1291    .text.HAL_UARTEx_DisableFifoMode  stm32g4xx_hal_uart_ex.o
    0x080034a2   0x080034a2   0x00000002   PAD
    0x080034a4   0x080034a4   0x00000002   Code   RO         1219    .text.HAL_UARTEx_RxEventCallback  stm32g4xx_hal_uart.o
    0x080034a6   0x080034a6   0x00000002   PAD
    0x080034a8   0x080034a8   0x00000002   Code   RO         1277    .text.HAL_UARTEx_RxFifoFullCallback  stm32g4xx_hal_uart_ex.o
    0x080034aa   0x080034aa   0x00000002   PAD
    0x080034ac   0x080034ac   0x00000092   Code   RO         1295    .text.HAL_UARTEx_SetRxFifoThreshold  stm32g4xx_hal_uart_ex.o
    0x0800353e   0x0800353e   0x00000002   PAD
    0x08003540   0x08003540   0x00000092   Code   RO         1293    .text.HAL_UARTEx_SetTxFifoThreshold  stm32g4xx_hal_uart_ex.o
    0x080035d2   0x080035d2   0x00000002   PAD
    0x080035d4   0x080035d4   0x00000002   Code   RO         1279    .text.HAL_UARTEx_TxFifoEmptyCallback  stm32g4xx_hal_uart_ex.o
    0x080035d6   0x080035d6   0x00000002   PAD
    0x080035d8   0x080035d8   0x00000002   Code   RO         1275    .text.HAL_UARTEx_WakeupCallback  stm32g4xx_hal_uart_ex.o
    0x080035da   0x080035da   0x00000002   PAD
    0x080035dc   0x080035dc   0x00000002   Code   RO         1217    .text.HAL_UART_ErrorCallback  stm32g4xx_hal_uart.o
    0x080035de   0x080035de   0x00000002   PAD
    0x080035e0   0x080035e0   0x0000000c   Code   RO         1247    .text.HAL_UART_GetState  stm32g4xx_hal_uart.o
    0x080035ec   0x080035ec   0x0000039e   Code   RO         1213    .text.HAL_UART_IRQHandler  stm32g4xx_hal_uart.o
    0x0800398a   0x0800398a   0x00000002   PAD
    0x0800398c   0x0800398c   0x00000062   Code   RO         1129    .text.HAL_UART_Init  stm32g4xx_hal_uart.o
    0x080039ee   0x080039ee   0x00000002   PAD
    0x080039f0   0x080039f0   0x0000009e   Code   RO          223    .text.HAL_UART_MspInit  usart.o
    0x08003a8e   0x08003a8e   0x00000002   PAD
    0x08003a90   0x08003a90   0x00000062   Code   RO         1165    .text.HAL_UART_Receive_IT  stm32g4xx_hal_uart.o
    0x08003af2   0x08003af2   0x00000002   PAD
    0x08003af4   0x08003af4   0x0000006c   Code   RO          227    .text.HAL_UART_RxCpltCallback  usart.o
    0x08003b60   0x08003b60   0x00000104   Code   RO         1149    .text.HAL_UART_Transmit  stm32g4xx_hal_uart.o
    0x08003c64   0x08003c64   0x00000002   Code   RO         1221    .text.HAL_UART_TxCpltCallback  stm32g4xx_hal_uart.o
    0x08003c66   0x08003c66   0x00000002   PAD
    0x08003c68   0x08003c68   0x00000002   Code   RO          156    .text.HardFault_Handler  stm32g4xx_it.o
    0x08003c6a   0x08003c6a   0x00000002   PAD
    0x08003c6c   0x08003c6c   0x000000d4   Code   RO           33    .text.LCD_Clear     lcd.o
    0x08003d40   0x08003d40   0x0000004c   Code   RO           31    .text.LCD_DisplayStringLine  lcd.o
    0x08003d8c   0x08003d8c   0x0000016e   Code   RO           41    .text.LCD_DrawChar  lcd.o
    0x08003efa   0x08003efa   0x00000002   PAD
    0x08003efc   0x08003efc   0x0000023e   Code   RO           19    .text.LCD_Init      lcd.o
    0x0800413a   0x0800413a   0x00000002   PAD
    0x0800413c   0x0800413c   0x00000018   Code   RO           27    .text.LCD_SetBackColor  lcd.o
    0x08004154   0x08004154   0x000000ea   Code   RO           35    .text.LCD_SetCursor  lcd.o
    0x0800423e   0x0800423e   0x00000002   PAD
    0x08004240   0x08004240   0x00000018   Code   RO           25    .text.LCD_SetTextColor  lcd.o
    0x08004258   0x08004258   0x0000007c   Code   RO          105    .text.MX_GPIO_Init  gpio.o
    0x080042d4   0x080042d4   0x00000104   Code   RO          203    .text.MX_TIM17_Init  tim.o
    0x080043d8   0x080043d8   0x00000056   Code   RO          201    .text.MX_TIM6_Init  tim.o
    0x0800442e   0x0800442e   0x00000002   PAD
    0x08004430   0x08004430   0x0000008c   Code   RO          221    .text.MX_USART1_UART_Init  usart.o
    0x080044bc   0x080044bc   0x00000002   Code   RO          158    .text.MemManage_Handler  stm32g4xx_it.o
    0x080044be   0x080044be   0x00000002   PAD
    0x080044c0   0x080044c0   0x00000002   Code   RO          154    .text.NMI_Handler   stm32g4xx_it.o
    0x080044c2   0x080044c2   0x00000002   PAD
    0x080044c4   0x080044c4   0x00000002   Code   RO          168    .text.PendSV_Handler  stm32g4xx_it.o
    0x080044c6   0x080044c6   0x00000002   PAD
    0x080044c8   0x080044c8   0x00000cba   Code   RO           13    .text.REG_8230_Init  lcd.o
    0x08005182   0x08005182   0x00000002   PAD
    0x08005184   0x08005184   0x0000189e   Code   RO           17    .text.REG_932X_Init  lcd.o
    0x08006a22   0x08006a22   0x00000002   PAD
    0x08006a24   0x08006a24   0x00000002   Code   RO          164    .text.SVC_Handler   stm32g4xx_it.o
    0x08006a26   0x08006a26   0x00000002   PAD
    0x08006a28   0x08006a28   0x00000004   Code   RO          170    .text.SysTick_Handler  stm32g4xx_it.o
    0x08006a2c   0x08006a2c   0x00000012   Code   RO          186    .text.SystemInit    system_stm32g4xx.o
    0x08006a3e   0x08006a3e   0x00000002   PAD
    0x08006a40   0x08006a40   0x0000000c   Code   RO          172    .text.TIM1_TRG_COM_TIM17_IRQHandler  stm32g4xx_it.o
    0x08006a4c   0x08006a4c   0x0000000c   Code   RO          176    .text.TIM6_DAC_IRQHandler  stm32g4xx_it.o
    0x08006a58   0x08006a58   0x00000116   Code   RO          759    .text.TIM_Base_SetConfig  stm32g4xx_hal_tim.o
    0x08006b6e   0x08006b6e   0x00000002   PAD
    0x08006b70   0x08006b70   0x000000e6   Code   RO         1133    .text.UART_AdvFeatureConfig  stm32g4xx_hal_uart.o
    0x08006c56   0x08006c56   0x00000002   PAD
    0x08006c58   0x08006c58   0x000000be   Code   RO         1137    .text.UART_CheckIdleState  stm32g4xx_hal_uart.o
    0x08006d16   0x08006d16   0x00000002   PAD
    0x08006d18   0x08006d18   0x00000010   Code   RO         1215    .text.UART_DMAAbortOnError  stm32g4xx_hal_uart.o
    0x08006d28   0x08006d28   0x000000ce   Code   RO         1255    .text.UART_RxISR_16BIT  stm32g4xx_hal_uart.o
    0x08006df6   0x08006df6   0x00000002   PAD
    0x08006df8   0x08006df8   0x000001d0   Code   RO         1251    .text.UART_RxISR_16BIT_FIFOEN  stm32g4xx_hal_uart.o
    0x08006fc8   0x08006fc8   0x000000ce   Code   RO         1257    .text.UART_RxISR_8BIT  stm32g4xx_hal_uart.o
    0x08007096   0x08007096   0x00000002   PAD
    0x08007098   0x08007098   0x000001d4   Code   RO         1253    .text.UART_RxISR_8BIT_FIFOEN  stm32g4xx_hal_uart.o
    0x0800726c   0x0800726c   0x000002a4   Code   RO         1135    .text.UART_SetConfig  stm32g4xx_hal_uart.o
    0x08007510   0x08007510   0x0000011c   Code   RO         1167    .text.UART_Start_Receive_IT  stm32g4xx_hal_uart.o
    0x0800762c   0x0800762c   0x0000013e   Code   RO         1151    .text.UART_WaitOnFlagUntilTimeout  stm32g4xx_hal_uart.o
    0x0800776a   0x0800776a   0x00000002   PAD
    0x0800776c   0x0800776c   0x00000058   Code   RO          174    .text.USART1_IRQHandler  stm32g4xx_it.o
    0x080077c4   0x080077c4   0x00000002   Code   RO          162    .text.UsageFault_Handler  stm32g4xx_it.o
    0x080077c6   0x080077c6   0x00000002   PAD
    0x080077c8   0x080077c8   0x00000002   Code   RO          229    .text._sys_exit     usart.o
    0x080077ca   0x080077ca   0x00000002   PAD
    0x080077cc   0x080077cc   0x000002c4   Code   RO          120    .text.car_check     main.o
    0x08007a90   0x08007a90   0x0000001e   Code   RO          231    .text.fputc         usart.o
    0x08007aae   0x08007aae   0x00000002   PAD
    0x08007ab0   0x08007ab0   0x00000078   Code   RO           91    .text.led_OFF       led.o
    0x08007b28   0x08007b28   0x0000007e   Code   RO           89    .text.led_ON        led.o
    0x08007ba6   0x08007ba6   0x00000002   PAD
    0x08007ba8   0x08007ba8   0x00000098   Code   RO           87    .text.led_init      led.o
    0x08007c40   0x08007c40   0x00000256   Code   RO          122    .text.main          main.o
    0x08007e96   0x08007e96   0x0000003e   Code   RO         1474    CL$$btod_d2e        c_w.l(btod.o)
    0x08007ed4   0x08007ed4   0x00000046   Code   RO         1476    CL$$btod_d2e_denorm_low  c_w.l(btod.o)
    0x08007f1a   0x08007f1a   0x00000060   Code   RO         1475    CL$$btod_d2e_norm_op1  c_w.l(btod.o)
    0x08007f7a   0x08007f7a   0x00000002   PAD
    0x08007f7c   0x08007f7c   0x00000338   Code   RO         1484    CL$$btod_div_common  c_w.l(btod.o)
    0x080082b4   0x080082b4   0x000000dc   Code   RO         1481    CL$$btod_e2e        c_w.l(btod.o)
    0x08008390   0x08008390   0x0000002a   Code   RO         1478    CL$$btod_ediv       c_w.l(btod.o)
    0x080083ba   0x080083ba   0x0000002a   Code   RO         1477    CL$$btod_emul       c_w.l(btod.o)
    0x080083e4   0x080083e4   0x00000244   Code   RO         1483    CL$$btod_mult_common  c_w.l(btod.o)
    0x08008628   0x08008628   0x00000030   Code   RO         1507    i.__ARM_fpclassify  m_wm.l(fpclassify.o)
    0x08008658   0x08008658   0x0000002a   Code   RO         1387    i.__hardfp_difftime  m_wm.l(difftime.o)
    0x08008682   0x08008682   0x0000000e   Code   RO         1341    i._is_digit         c_w.l(__printf_wp.o)
    0x08008690   0x08008690   0x0000002c   Code   RO         1503    locale$$code        c_w.l(lc_numeric_c.o)
    0x080086bc   0x080086bc   0x0000002c   Code   RO         1584    locale$$code        c_w.l(lc_ctype_c.o)
    0x080086e8   0x080086e8   0x00000150   Code   RO         1420    x$fpl$dadd          fz_wm.l(daddsub_clz.o)
    0x08008838   0x08008838   0x0000005a   Code   RO         1379    x$fpl$dfixu         fz_wm.l(dfixu.o)
    0x08008892   0x08008892   0x00000026   Code   RO         1426    x$fpl$dfltu         fz_wm.l(dflt_clz.o)
    0x080088b8   0x080088b8   0x0000009c   Code   RO         1432    x$fpl$dnaninf       fz_wm.l(dnaninf.o)
    0x08008954   0x08008954   0x0000000c   Code   RO         1434    x$fpl$dretinf       fz_wm.l(dretinf.o)
    0x08008960   0x08008960   0x000001dc   Code   RO         1422    x$fpl$dsub          fz_wm.l(daddsub_clz.o)
    0x08008b3c   0x08008b3c   0x00000056   Code   RO         1383    x$fpl$f2d           fz_wm.l(f2d.o)
    0x08008b92   0x08008b92   0x0000008c   Code   RO         1436    x$fpl$fnaninf       fz_wm.l(fnaninf.o)
    0x08008c1e   0x08008c1e   0x0000001a   Code   RO         1592    x$fpl$fpinit        fz_wm.l(fpinit.o)
    0x08008c38   0x08008c38   0x00000004   Code   RO         1385    x$fpl$printf1       fz_wm.l(printf1.o)
    0x08008c3c   0x08008c3c   0x00000000   Code   RO         1438    x$fpl$usenofp       fz_wm.l(usenofp.o)
    0x08008c3c   0x08008c3c   0x0000000c   Data   RO         1419    .constdata          c_w.l(_monlen.o)
    0x08008c48   0x08008c48   0x00000094   Data   RO         1472    .constdata          c_w.l(bigflt0.o)
    0x08008cdc   0x08008cdc   0x00000010   Data   RO          191    .rodata.AHBPrescTable  system_stm32g4xx.o
    0x08008cec   0x08008cec   0x00000008   Data   RO          192    .rodata.APBPrescTable  system_stm32g4xx.o
    0x08008cf4   0x08008cf4   0x000011d0   Data   RO           73    .rodata.ASCII_Table  lcd.o
    0x08009ec4   0x08009ec4   0x00000018   Data   RO         1263    .rodata.UARTPrescTable  stm32g4xx_hal_uart.o
    0x08009edc   0x08009edc   0x00000030   Data   RO          975    .rodata.cst16       stm32g4xx_hal_tim.o
    0x08009f0c   0x08009f0c   0x00000010   Data   RO         1264    .rodata.cst16       stm32g4xx_hal_uart.o
    0x08009f1c   0x08009f1c   0x00000010   Data   RO         1305    .rodata.cst8        stm32g4xx_hal_uart_ex.o
    0x08009f2c   0x08009f2c   0x0000000e   Data   RO          134    .rodata.str1.1      main.o
    0x08009f3a   0x08009f3a   0x00000002   PAD
    0x08009f3c   0x08009f3c   0x00000020   Data   RO         1664    Region$$Table       anon$$obj.o
    0x08009f5c   0x08009f5c   0x0000001c   Data   RO         1502    locale$$data        c_w.l(lc_numeric_c.o)
    0x08009f78   0x08009f78   0x00000110   Data   RO         1583    locale$$data        c_w.l(lc_ctype_c.o)


    Execution Region RW_IRAM1 (Exec base: 0x20000000, Load base: 0x0800a088, Size: 0x00000a88, Max: 0x00008000, ABSOLUTE)

    Exec Addr    Load Addr    Size         Type   Attr      Idx    E Section Name        Object

    0x20000000   0x0800a088   0x00000001   Data   RW          131    .data.B4            main.o
    0x20000001   0x0800a089   0x00000001   PAD
    0x20000002   0x0800a08a   0x00000002   Data   RW           76    .data.BackColor     lcd.o
    0x20000004   0x0800a08c   0x00000004   Data   RW          190    .data.SystemCoreClock  system_stm32g4xx.o
    0x20000008   0x0800a090   0x00000004   Data   RW          323    .data.uwTickFreq    stm32g4xx_hal.o
    0x2000000c   0x0800a094   0x00000004   Data   RW          322    .data.uwTickPrio    stm32g4xx_hal.o
    0x20000010        -       0x00000060   Zero   RW         1510    .bss                c_w.l(libspace.o)
    0x20000070        -       0x00000002   Zero   RW           75    .bss.TextColor      lcd.o
    0x20000072   0x0800a098   0x00000002   PAD
    0x20000074        -       0x000000c8   Zero   RW          235    .bss.USART1_RECEIVE_ARRAY  usart.o
    0x2000013c        -       0x00000001   Zero   RW          236    .bss.USART1_RECEIVE_DATA  usart.o
    0x2000013d   0x0800a098   0x00000001   PAD
    0x2000013e        -       0x00000002   Zero   RW          233    .bss.USART1_RECEIVE_STATE  usart.o
    0x20000140        -       0x00000054   Zero   RW          237    .bss.__stdout       usart.o
    0x20000194        -       0x00000140   Zero   RW          133    .bss.car            main.o
    0x200002d4        -       0x00000028   Zero   RW          132    .bss.car_receive    main.o
    0x200002fc        -       0x00000002   Zero   RW           74    .bss.dummy          lcd.o
    0x200002fe   0x0800a098   0x00000002   PAD
    0x20000300        -       0x0000004c   Zero   RW          212    .bss.htim17         tim.o
    0x2000034c        -       0x0000004c   Zero   RW          211    .bss.htim6          tim.o
    0x20000398        -       0x00000094   Zero   RW          234    .bss.huart1         usart.o
    0x2000042c        -       0x00000001   Zero   RW           95    .bss.led_buff       led.o
    0x2000042d   0x0800a098   0x00000003   PAD
    0x20000430        -       0x00000020   Zero   RW           96    .bss.led_state      led.o
    0x20000450        -       0x00000004   Zero   RW          130    .bss.mode           main.o
    0x20000454        -       0x00000010   Zero   RW          135    .bss.stop_message   main.o
    0x20000464        -       0x0000001e   Zero   RW          136    .bss.text           main.o
    0x20000482   0x0800a098   0x00000002   PAD
    0x20000484        -       0x00000004   Zero   RW          324    .bss.uwTick         stm32g4xx_hal.o
    0x20000488        -       0x00000200   Zero   RW            2    HEAP                startup_stm32g431xx.o
    0x20000688        -       0x00000400   Zero   RW            1    STACK               startup_stm32g431xx.o


==============================================================================

Image component sizes


      Code (inc. data)   RO Data    RW Data    ZI Data      Debug   Object Name

       124          0          0          0          0       2477   gpio.o
     11070          0       4560          2          4      26483   lcd.o
       398          0          0          0         33       3759   led.o
      1660        208         14          1        410      11487   main.o
        64         26        472          0       1536        976   startup_stm32g431xx.o
       198          0          0          8          4       9098   stm32g4xx_hal.o
       196          0          0          0          0      10416   stm32g4xx_hal_cortex.o
       236          0          0          0          0       9065   stm32g4xx_hal_dma.o
       438          0          0          0          0       5421   stm32g4xx_hal_gpio.o
        52          0          0          0          0       1976   stm32g4xx_hal_msp.o
       260          0          0          0          0       9743   stm32g4xx_hal_pwr_ex.o
      2156          0          0          0          0      10167   stm32g4xx_hal_rcc.o
       692          0          0          0          0      10851   stm32g4xx_hal_rcc_ex.o
      2412         16         48          0          0      62340   stm32g4xx_hal_tim.o
       394          0          0          0          0      30631   stm32g4xx_hal_tim_ex.o
      4458         46         40          0          0      35694   stm32g4xx_hal_uart.o
       352          0         16          0          0      11036   stm32g4xx_hal_uart_ex.o
       132          0          0          0          0       5796   stm32g4xx_it.o
        18          0         24          4          0       2991   system_stm32g4xx.o
       466          0          0          0        152      10212   tim.o
       438          0          0          0        435       9456   usart.o

    ----------------------------------------------------------------------
     26350        296       5208         16       2584     280075   Object Totals
         0          0         32          0          0          0   (incl. Generated)
       136          0          2          1         10          0   (incl. Padding)

    ----------------------------------------------------------------------

      Code (inc. data)   RO Data    RW Data    ZI Data      Debug   Library Member Name

        60          8          0          0          0         84   __0sscanf.o
         8          0          0          0          0         68   __main.o
       284          0          0          0          0        156   __printf_wp.o
         0          0          0          0          0          0   __rtentry.o
        12          0          0          0          0          0   __rtentry2.o
         6          0          0          0          0          0   __rtentry4.o
        94          8          0          0          0          0   __scatter.o
        26          0          0          0          0          0   __scatter_copy.o
        28          0          0          0          0          0   __scatter_zi.o
        28          0          0          0          0         68   _chval.o
         0          0         12          0          0          0   _monlen.o
        44          0          0          0          0        108   _printf_char.o
        48          6          0          0          0         96   _printf_char_common.o
        36          4          0          0          0         80   _printf_char_file.o
         6          0          0          0          0          0   _printf_d.o
       120         16          0          0          0         92   _printf_dec.o
         6          0          0          0          0          0   _printf_f.o
      1052          0          0          0          0        148   _printf_fp_dec.o
       128         16          0          0          0         84   _printf_fp_infnan.o
       178          0          0          0          0         88   _printf_intcommon.o
         0          0          0          0          0          0   _printf_percent.o
         4          0          0          0          0          0   _printf_percent_end.o
         6          0          0          0          0          0   _printf_s.o
        82          0          0          0          0         80   _printf_str.o
       884          6          0          0          0        100   _scanf.o
       332          0          0          0          0         96   _scanf_int.o
       224          0          0          0          0         96   _scanf_str.o
        64          0          0          0          0         84   _sgetc.o
        10          0          0          0          0         68   _sputc.o
       228          4        148          0          0         96   bigflt0.o
      1936        128          0          0          0        668   btod.o
        18          0          0          0          0         80   exit.o
         8          0          0          0          0         68   ferror.o
         6          0          0          0          0        152   heapauxi.o
        18          0          0          0          0         76   isspace.o
        44         10        272          0          0         76   lc_ctype_c.o
        44         10         28          0          0         76   lc_numeric_c.o
         2          0          0          0          0          0   libinit.o
        34          0          0          0          0          0   libinit2.o
         2          0          0          0          0          0   libshutdown.o
         2          0          0          0          0          0   libshutdown2.o
         8          4          0          0         96         68   libspace.o
       138          0          0          0          0         80   lludiv10.o
       240          0          0          0          0        100   lludivv7m.o
        88          0          0          0          0         76   memcmp.o
       424         10          0          0          0        124   mktime.o
        24          4          0          0          0         84   noretval__2printf.o
        40          6          0          0          0         84   noretval__2sprintf.o
        44          4          0          0          0         84   puts.o
        16          4          0          0          0         76   rt_ctype_table.o
         8          4          0          0          0         68   rt_locale_intlibspace.o
        78          0          0          0          0         80   rt_memclr_w.o
         2          0          0          0          0          0   rtexit.o
        10          0          0          0          0          0   rtexit2.o
        44          8          0          0          0         84   scanf_char.o
       124          0          0          0          0         88   strcmpv7em.o
        72          0          0          0          0         80   strcpy.o
        62          0          0          0          0         76   strlen.o
        74          0          0          0          0         80   sys_stackheap_outer.o
       812         16          0          0          0        392   daddsub_clz.o
        90          4          0          0          0        140   dfixu.o
        38          0          0          0          0        116   dflt_clz.o
       156          4          0          0          0        140   dnaninf.o
        12          0          0          0          0        116   dretinf.o
        86          4          0          0          0        132   f2d.o
       140          4          0          0          0        132   fnaninf.o
        26          0          0          0          0        116   fpinit.o
         4          0          0          0          0        116   printf1.o
         0          0          0          0          0          0   usenofp.o
        42          0          0          0          0        136   difftime.o
        48          0          0          0          0        124   fpclassify.o

    ----------------------------------------------------------------------
      9078        292        460          0         96       5880   Library Totals
        16          0          0          0          0          0   (incl. Padding)

    ----------------------------------------------------------------------

      Code (inc. data)   RO Data    RW Data    ZI Data      Debug   Library Name

      7608        260        460          0         96       4220   c_w.l
      1364         32          0          0          0       1400   fz_wm.l
        90          0          0          0          0        260   m_wm.l

    ----------------------------------------------------------------------
      9078        292        460          0         96       5880   Library Totals

    ----------------------------------------------------------------------

==============================================================================


      Code (inc. data)   RO Data    RW Data    ZI Data      Debug   

     35428        588       5668         16       2680     282303   Grand Totals
     35428        588       5668         16       2680     282303   ELF Image Totals
     35428        588       5668         16          0          0   ROM Totals

==============================================================================

    Total RO  Size (Code + RO Data)                41096 (  40.13kB)
    Total RW  Size (RW Data + ZI Data)              2696 (   2.63kB)
    Total ROM Size (Code + RO Data + RW Data)      41112 (  40.15kB)

==============================================================================

